2025-01-28 11:11:52 [7@SRVSN024]
User ID: 7 tried to access or perform an action on /front/appliance_item.form.php with insufficient rights. Additional information: User failed a can* method check for right 4 (CREATE) on item Type: Appliance_Item ID: -1
	Stack Trace:
		C:\glpi\src\CommonDBTM.php:3059 displayRightError()
		C:\glpi\front\appliance_item.form.php:53 check()
		C:\glpi\public\index.php:82 require()
2025-03-11 11:19:07 [7@SRVSN024]
User ID: 7 tried to access or perform an action on /front/domain.form.php with insufficient rights. Additional information: User failed a can* method check for right 2 (Update) on item Type: Domain_Item ID: -1
	Stack Trace:
		C:\glpi\src\CommonDBTM.php:3059 displayRightError()
		C:\glpi\front\domain.form.php:75 check()
		C:\glpi\public\index.php:82 require()
2025-03-17 10:45:25 [7@SRVSN024]
User ID: 7 tried to access or perform an action on /front/entity.form.php with insufficient rights. Additional information: User failed a can* method check for right 4 (Create) on item Type: Entity ID: -1
	Stack Trace:
		C:\glpi\src\CommonDBTM.php:3059 displayRightError()
		C:\glpi\front\dropdown.common.form.php:60 check()
		C:\glpi\front\entity.form.php:58 include()
		C:\glpi\public\index.php:82 require()
2025-03-17 10:56:10 [7@SRVSN024]
User ID: 7 tried to access or perform an action on /front/entity.form.php?id=0 with insufficient rights. Additional information: Missing READ right. Cannot view the item.
	Stack Trace:
		C:\glpi\src\CommonDBTM.php:6463 displayRightError()
		C:\glpi\src\CommonDBTM.php:6556 displayAccessDeniedPage()
		C:\glpi\front\dropdown.common.form.php:176 displayFullPageForItem()
		C:\glpi\front\entity.form.php:58 include()
		C:\glpi\public\index.php:82 require()
2025-03-17 10:56:12 [7@SRVSN024]
User ID: 7 tried to access or perform an action on /front/entity.form.php?id=0 with insufficient rights. Additional information: Missing READ right. Cannot view the item.
	Stack Trace:
		C:\glpi\src\CommonDBTM.php:6463 displayRightError()
		C:\glpi\src\CommonDBTM.php:6556 displayAccessDeniedPage()
		C:\glpi\front\dropdown.common.form.php:176 displayFullPageForItem()
		C:\glpi\front\entity.form.php:58 include()
		C:\glpi\public\index.php:82 require()
2025-03-17 11:34:21 [7@SRVSN024]
User ID: 7 tried to access or perform an action on /front/computer.form.php?id=3 with insufficient rights. Additional information: Missing READ right. Cannot view the item.
	Stack Trace:
		C:\glpi\src\CommonDBTM.php:6463 displayRightError()
		C:\glpi\src\CommonDBTM.php:6556 displayAccessDeniedPage()
		C:\glpi\front\computer.form.php:128 displayFullPageForItem()
		C:\glpi\public\index.php:82 require()
2025-03-17 13:54:49 [7@SRVSN024]
User ID: 7 tried to access or perform an action on /front/entity.form.php?id=1 with insufficient rights. Additional information: Missing READ right. Cannot view the item.
	Stack Trace:
		C:\glpi\src\CommonDBTM.php:6463 displayRightError()
		C:\glpi\src\CommonDBTM.php:6556 displayAccessDeniedPage()
		C:\glpi\front\dropdown.common.form.php:176 displayFullPageForItem()
		C:\glpi\front\entity.form.php:58 include()
		C:\glpi\public\index.php:82 require()
2025-03-17 14:03:10 [7@SRVSN024]
User ID: 7 tried to access or perform an action on /front/entity.form.php?id=2 with insufficient rights. Additional information: Missing READ right. Cannot view the item.
	Stack Trace:
		C:\glpi\src\CommonDBTM.php:6463 displayRightError()
		C:\glpi\src\CommonDBTM.php:6556 displayAccessDeniedPage()
		C:\glpi\front\dropdown.common.form.php:176 displayFullPageForItem()
		C:\glpi\front\entity.form.php:58 include()
		C:\glpi\public\index.php:82 require()
2025-03-17 14:03:23 [7@SRVSN024]
User ID: 7 tried to access or perform an action on /front/entity.form.php?id=1 with insufficient rights. Additional information: Missing READ right. Cannot view the item.
	Stack Trace:
		C:\glpi\src\CommonDBTM.php:6463 displayRightError()
		C:\glpi\src\CommonDBTM.php:6556 displayAccessDeniedPage()
		C:\glpi\front\dropdown.common.form.php:176 displayFullPageForItem()
		C:\glpi\front\entity.form.php:58 include()
		C:\glpi\public\index.php:82 require()
2025-03-17 14:03:37 [7@SRVSN024]
User ID: 7 tried to access or perform an action on /front/entity.form.php?id=2 with insufficient rights. Additional information: Missing READ right. Cannot view the item.
	Stack Trace:
		C:\glpi\src\CommonDBTM.php:6463 displayRightError()
		C:\glpi\src\CommonDBTM.php:6556 displayAccessDeniedPage()
		C:\glpi\front\dropdown.common.form.php:176 displayFullPageForItem()
		C:\glpi\front\entity.form.php:58 include()
		C:\glpi\public\index.php:82 require()
2025-03-18 11:46:58 [7@SRVSN024]
User ID: 7 tried to access or perform an action on /front/entity.form.php with insufficient rights. Additional information: User failed a can* method check for right 4 (Create) on item Type: Entity ID: -1
	Stack Trace:
		C:\glpi\src\CommonDBTM.php:3059 displayRightError()
		C:\glpi\front\dropdown.common.form.php:60 check()
		C:\glpi\front\entity.form.php:58 include()
		C:\glpi\public\index.php:82 require()
2025-03-18 11:47:20 [7@SRVSN024]
User ID: 7 tried to access or perform an action on /front/entity.form.php with insufficient rights. Additional information: User failed a can* method check for right 4 (Create) on item Type: Entity ID: -1
	Stack Trace:
		C:\glpi\src\CommonDBTM.php:3059 displayRightError()
		C:\glpi\front\dropdown.common.form.php:60 check()
		C:\glpi\front\entity.form.php:58 include()
		C:\glpi\public\index.php:82 require()
