2025-03-07 15:16:40 [@SRVSN024]
Computer:
	prepare:
		Execution time:      0.00275 sekunder
		Memory usage:        22.3 MiB
		Memory usage (real): 26 MiB
		Memory peak:         22.69 MiB

	handle:
		Execution time:      2.61446 sekunder
		Memory usage:        44.12 MiB
		Memory usage (real): 48 MiB
		Memory peak:         44.52 MiB

	full:
		Execution time:      4.80589 sekunder
		Memory usage:        39.73 MiB
		Memory usage (real): 48 MiB
		Memory peak:         44.52 MiB

Inventoried assets: Computer #3
2025-03-10 09:09:06 [@SRVSN024]
Computer:
	prepare:
		Execution time:      0.00327 sekunder
		Memory usage:        21.25 MiB
		Memory usage (real): 28 MiB
		Memory peak:         21.32 MiB

	handle:
		Execution time:      1.70103 sekund
		Memory usage:        37.74 MiB
		Memory usage (real): 42 MiB
		Memory peak:         38.15 MiB

	full:
		Execution time:      3.65905 sekunder
		Memory usage:        35.62 MiB
		Memory usage (real): 42 MiB
		Memory peak:         38.15 MiB

Inventoried assets: Computer #4
2025-03-10 09:40:58 [@SRVSN024]
Computer:
	prepare:
		Execution time:      0.00167 sekunder
		Memory usage:        21.14 MiB
		Memory usage (real): 24 MiB
		Memory peak:         21.21 MiB

	handle:
		Execution time:      1.35403 sekund
		Memory usage:        32.66 MiB
		Memory usage (real): 36 MiB
		Memory peak:         33.66 MiB

	full:
		Execution time:      1.76837 sekund
		Memory usage:        32.65 MiB
		Memory usage (real): 36 MiB
		Memory peak:         33.66 MiB

Inventoried assets: Computer #4
2025-03-10 14:04:05 [@SRVSN024]
Computer:
	prepare:
		Execution time:      0.00296 sekunder
		Memory usage:        22.04 MiB
		Memory usage (real): 26 MiB
		Memory peak:         22.25 MiB

	handle:
		Execution time:      2.42906 sekunder
		Memory usage:        40.84 MiB
		Memory usage (real): 44 MiB
		Memory peak:         41.25 MiB

	full:
		Execution time:      4.70579 sekunder
		Memory usage:        38.03 MiB
		Memory usage (real): 44 MiB
		Memory peak:         41.25 MiB

Inventoried assets: Computer #5
2025-03-10 14:13:13 [@SRVSN024]
Computer:
	prepare:
		Execution time:      0.00149 sekunder
		Memory usage:        19.66 MiB
		Memory usage (real): 22 MiB
		Memory peak:         19.73 MiB

	handle:
		Execution time:      0.18072 sekunder
		Memory usage:        27.75 MiB
		Memory usage (real): 32 MiB
		Memory peak:         28.15 MiB

	full:
		Execution time:      0.28878 sekunder
		Memory usage:        27.76 MiB
		Memory usage (real): 32 MiB
		Memory peak:         28.15 MiB

Inventoried assets: Computer #5
2025-03-11 09:39:00 [@SRVSN024]
Computer:
	prepare:
		Execution time:      0.0019 sekunder
		Memory usage:        21.18 MiB
		Memory usage (real): 24 MiB
		Memory peak:         21.25 MiB

	handle:
		Execution time:      3.96545 sekunder
		Memory usage:        49.23 MiB
		Memory usage (real): 52 MiB
		Memory peak:         50.08 MiB

	full:
		Execution time:      5.08707 sekunder
		Memory usage:        49.15 MiB
		Memory usage (real): 52 MiB
		Memory peak:         50.08 MiB

Inventoried assets: Computer #4
2025-03-11 12:12:33 [@SRVSN024]
Computer:
	prepare:
		Execution time:      0.00201 sekunder
		Memory usage:        4.16 MiB
		Memory usage (real): 8 MiB
		Memory peak:         5.36 MiB

	handle:
		Execution time:      1.57469 sekund
		Memory usage:        11.08 MiB
		Memory usage (real): 16 MiB
		Memory peak:         13.23 MiB

	full:
		Execution time:      2.69145 sekunder
		Memory usage:        11.07 MiB
		Memory usage (real): 16 MiB
		Memory peak:         13.23 MiB

Inventoried assets: Computer #4
2025-03-11 12:16:27 [@SRVSN024]
Computer:
	prepare:
		Execution time:      0.00108 sekunder
		Memory usage:        4.78 MiB
		Memory usage (real): 8 MiB
		Memory peak:         6.64 MiB

	handle:
		Execution time:      1.78464 sekund
		Memory usage:        12.01 MiB
		Memory usage (real): 18 MiB
		Memory peak:         13.01 MiB

	full:
		Execution time:      2.62168 sekunder
		Memory usage:        12 MiB
		Memory usage (real): 18 MiB
		Memory peak:         13.01 MiB

Inventoried assets: Computer #5
2025-03-11 12:18:47 [@SRVSN024]
Computer:
	prepare:
		Execution time:      0.00126 sekunder
		Memory usage:        4.01 MiB
		Memory usage (real): 6 MiB
		Memory peak:         5.3 MiB

	handle:
		Execution time:      1.35735 sekund
		Memory usage:        9.51 MiB
		Memory usage (real): 14 MiB
		Memory peak:         10.74 MiB

	full:
		Execution time:      2.02663 sekunder
		Memory usage:        9.5 MiB
		Memory usage (real): 14 MiB
		Memory peak:         10.74 MiB

Inventoried assets: Computer #4
2025-03-11 14:12:15 [@SRVSN024]
Computer:
	prepare:
		Execution time:      0.12143 sekunder
		Memory usage:        4.89 MiB
		Memory usage (real): 8 MiB
		Memory peak:         6.43 MiB

	handle:
		Execution time:      4.11181 sekunder
		Memory usage:        11.56 MiB
		Memory usage (real): 16 MiB
		Memory peak:         13.3 MiB

	full:
		Execution time:      5.89226 sekunder
		Memory usage:        11.55 MiB
		Memory usage (real): 16 MiB
		Memory peak:         13.3 MiB

Inventoried assets: Computer #5
2025-03-11 14:25:05 [@SRVSN024]
Computer:
	prepare:
		Execution time:      0.00159 sekunder
		Memory usage:        4.17 MiB
		Memory usage (real): 8 MiB
		Memory peak:         5.37 MiB

	handle:
		Execution time:      5.91136 sekunder
		Memory usage:        11.14 MiB
		Memory usage (real): 16 MiB
		Memory peak:         13.33 MiB

	full:
		Execution time:      7.1699 sekunder
		Memory usage:        11.13 MiB
		Memory usage (real): 16 MiB
		Memory peak:         13.33 MiB

Inventoried assets: Computer #4
2025-03-12 09:51:22 [@SRVSN024]
Computer:
	prepare:
		Execution time:      0.00306 sekunder
		Memory usage:        4.1 MiB
		Memory usage (real): 6 MiB
		Memory peak:         5.06 MiB

	handle:
		Execution time:      2.62351 sekunder
		Memory usage:        8.96 MiB
		Memory usage (real): 12 MiB
		Memory peak:         9.93 MiB

	full:
		Execution time:      3.86401 sekunder
		Memory usage:        8.95 MiB
		Memory usage (real): 12 MiB
		Memory peak:         9.93 MiB

Inventoried assets: Computer #4
2025-03-12 13:26:06 [@SRVSN024]
Computer:
	prepare:
		Execution time:      0.00033 sekunder
		Memory usage:        5.03 MiB
		Memory usage (real): 8 MiB
		Memory peak:         6.47 MiB

	handle:
		Execution time:      3.91529 sekunder
		Memory usage:        13.33 MiB
		Memory usage (real): 18 MiB
		Memory peak:         14.62 MiB

	full:
		Execution time:      4.60811 sekunder
		Memory usage:        13.3 MiB
		Memory usage (real): 18 MiB
		Memory peak:         14.62 MiB

Inventoried assets: Computer #5
2025-03-12 13:43:27 [@SRVSN024]
Computer:
	prepare:
		Execution time:      0.00108 sekunder
		Memory usage:        3 MiB
		Memory usage (real): 6 MiB
		Memory peak:         3.25 MiB

	handle:
		Execution time:      0.56814 sekunder
		Memory usage:        6.03 MiB
		Memory usage (real): 10 MiB
		Memory peak:         10.41 MiB

	full:
		Execution time:      1.29689 sekund
		Memory usage:        5.58 MiB
		Memory usage (real): 10 MiB
		Memory peak:         10.41 MiB

Inventoried assets: Computer #6
2025-03-12 13:44:53 [@SRVSN024]
Computer:
	prepare:
		Execution time:      0.0011 sekunder
		Memory usage:        3 MiB
		Memory usage (real): 6 MiB
		Memory peak:         3.26 MiB

	handle:
		Execution time:      0.36791 sekunder
		Memory usage:        5.19 MiB
		Memory usage (real): 10 MiB
		Memory peak:         8.14 MiB

	full:
		Execution time:      0.63438 sekunder
		Memory usage:        5.19 MiB
		Memory usage (real): 10 MiB
		Memory peak:         8.14 MiB

Inventoried assets: Computer #6
2025-03-12 13:44:59 [@SRVSN024]
Computer:
	prepare:
		Execution time:      0.00233 sekunder
		Memory usage:        3.21 MiB
		Memory usage (real): 6 MiB
		Memory peak:         3.56 MiB

	handle:
		Execution time:      0.68727 sekunder
		Memory usage:        6.92 MiB
		Memory usage (real): 12 MiB
		Memory peak:         7.96 MiB

	full:
		Execution time:      0.95961 sekunder
		Memory usage:        6.06 MiB
		Memory usage (real): 12 MiB
		Memory peak:         7.96 MiB

Inventoried assets: Computer #7
2025-03-12 14:15:02 [@SRVSN024]
Computer:
	prepare:
		Execution time:      0.00288 sekunder
		Memory usage:        2.84 MiB
		Memory usage (real): 6 MiB
		Memory peak:         3.27 MiB

	handle:
		Execution time:      0.2286 sekunder
		Memory usage:        4.61 MiB
		Memory usage (real): 8 MiB
		Memory peak:         5.01 MiB

	full:
		Execution time:      0.31764 sekunder
		Memory usage:        4.61 MiB
		Memory usage (real): 8 MiB
		Memory peak:         5.01 MiB

Inventoried assets: Computer #7
2025-03-12 14:42:12 [@SRVSN024]
Computer:
	prepare:
		Execution time:      0.00315 sekunder
		Memory usage:        2.81 MiB
		Memory usage (real): 6 MiB
		Memory peak:         3.25 MiB

	handle:
		Execution time:      0.20666 sekunder
		Memory usage:        4.09 MiB
		Memory usage (real): 8 MiB
		Memory peak:         8.44 MiB

	full:
		Execution time:      0.29876 sekunder
		Memory usage:        4.09 MiB
		Memory usage (real): 8 MiB
		Memory peak:         8.44 MiB

Inventoried assets: Computer #6
2025-03-13 09:14:07 [@SRVSN024]
Computer:
	prepare:
		Execution time:      0.12799 sekunder
		Memory usage:        4.36 MiB
		Memory usage (real): 8 MiB
		Memory peak:         5.17 MiB

	handle:
		Execution time:      4.2325 sekunder
		Memory usage:        9.74 MiB
		Memory usage (real): 14 MiB
		Memory peak:         11.96 MiB

	full:
		Execution time:      6.06681 sekunder
		Memory usage:        9.69 MiB
		Memory usage (real): 14 MiB
		Memory peak:         11.96 MiB

Inventoried assets: Computer #4
2025-03-13 11:04:51 [@SRVSN024]
Computer:
	prepare:
		Execution time:      0.00137 sekunder
		Memory usage:        5.15 MiB
		Memory usage (real): 8 MiB
		Memory peak:         6.79 MiB

	handle:
		Execution time:      4.47068 sekunder
		Memory usage:        13 MiB
		Memory usage (real): 18 MiB
		Memory peak:         14.1 MiB

	full:
		Execution time:      6.30213 sekunder
		Memory usage:        12.97 MiB
		Memory usage (real): 18 MiB
		Memory peak:         14.1 MiB

Inventoried assets: Computer #5
2025-03-13 11:22:58 [@SRVSN024]
Computer:
	prepare:
		Execution time:      0.00121 sekunder
		Memory usage:        3.41 MiB
		Memory usage (real): 6 MiB
		Memory peak:         3.9 MiB

	handle:
		Execution time:      0.58871 sekunder
		Memory usage:        6.51 MiB
		Memory usage (real): 12 MiB
		Memory peak:         8.28 MiB

	full:
		Execution time:      0.92616 sekunder
		Memory usage:        6.5 MiB
		Memory usage (real): 12 MiB
		Memory peak:         8.28 MiB

Inventoried assets: Computer #7
2025-03-13 13:51:44 [@SRVSN024]
Computer:
	prepare:
		Execution time:      0.00327 sekunder
		Memory usage:        3.09 MiB
		Memory usage (real): 6 MiB
		Memory peak:         3.73 MiB

	handle:
		Execution time:      0.74135 sekunder
		Memory usage:        7.49 MiB
		Memory usage (real): 12 MiB
		Memory peak:         9.48 MiB

	full:
		Execution time:      0.91803 sekunder
		Memory usage:        7.48 MiB
		Memory usage (real): 12 MiB
		Memory peak:         9.48 MiB

Inventoried assets: Computer #6
2025-03-13 14:07:38 [@SRVSN024]
Computer:
	prepare:
		Execution time:      0.00239 sekunder
		Memory usage:        2.89 MiB
		Memory usage (real): 6 MiB
		Memory peak:         3.39 MiB

	handle:
		Execution time:      0.27244 sekunder
		Memory usage:        4.72 MiB
		Memory usage (real): 8 MiB
		Memory peak:         8.52 MiB

	full:
		Execution time:      0.3613 sekunder
		Memory usage:        4.72 MiB
		Memory usage (real): 8 MiB
		Memory peak:         8.52 MiB

Inventoried assets: Computer #7
2025-03-14 08:22:28 [@SRVSN024]
Computer:
	prepare:
		Execution time:      0.1175 sekunder
		Memory usage:        5.18 MiB
		Memory usage (real): 8 MiB
		Memory peak:         7.37 MiB

	handle:
		Execution time:      11.52576 sekunder
		Memory usage:        15.46 MiB
		Memory usage (real): 20 MiB
		Memory peak:         16.26 MiB

	full:
		Execution time:      13.63112 sekunder
		Memory usage:        14.51 MiB
		Memory usage (real): 20 MiB
		Memory peak:         16.26 MiB

Inventoried assets: Computer #5
2025-03-14 09:44:09 [@SRVSN024]
Computer:
	prepare:
		Execution time:      0.00237 sekunder
		Memory usage:        4.46 MiB
		Memory usage (real): 8 MiB
		Memory peak:         6.12 MiB

	handle:
		Execution time:      1.25299 sekund
		Memory usage:        10.49 MiB
		Memory usage (real): 14 MiB
		Memory peak:         12.15 MiB

	full:
		Execution time:      1.78138 sekund
		Memory usage:        10.14 MiB
		Memory usage (real): 14 MiB
		Memory peak:         12.15 MiB

Inventoried assets: Computer #4
2025-03-14 13:51:37 [@SRVSN024]
Computer:
	prepare:
		Execution time:      0.0028 sekunder
		Memory usage:        2.89 MiB
		Memory usage (real): 6 MiB
		Memory peak:         3.39 MiB

	handle:
		Execution time:      0.27874 sekunder
		Memory usage:        4.79 MiB
		Memory usage (real): 8 MiB
		Memory peak:         8.63 MiB

	full:
		Execution time:      0.43435 sekunder
		Memory usage:        4.79 MiB
		Memory usage (real): 8 MiB
		Memory peak:         8.63 MiB

Inventoried assets: Computer #7
2025-03-14 13:56:31 [@SRVSN024]
Computer:
	prepare:
		Execution time:      0.00137 sekunder
		Memory usage:        5.13 MiB
		Memory usage (real): 8 MiB
		Memory peak:         7.51 MiB

	handle:
		Execution time:      1.94323 sekund
		Memory usage:        15.04 MiB
		Memory usage (real): 20 MiB
		Memory peak:         16.08 MiB

	full:
		Execution time:      3.25319 sekunder
		Memory usage:        14.03 MiB
		Memory usage (real): 20 MiB
		Memory peak:         16.08 MiB

Inventoried assets: Computer #5
2025-03-14 14:15:08 [@SRVSN024]
Computer:
	prepare:
		Execution time:      0.00268 sekunder
		Memory usage:        3.09 MiB
		Memory usage (real): 6 MiB
		Memory peak:         3.73 MiB

	handle:
		Execution time:      0.39954 sekunder
		Memory usage:        5.61 MiB
		Memory usage (real): 10 MiB
		Memory peak:         9.12 MiB

	full:
		Execution time:      0.57049 sekunder
		Memory usage:        5.6 MiB
		Memory usage (real): 10 MiB
		Memory peak:         9.12 MiB

Inventoried assets: Computer #6
2025-03-15 13:57:35 [@SRVSN024]
Computer:
	prepare:
		Execution time:      0.10851 sekunder
		Memory usage:        3.31 MiB
		Memory usage (real): 6 MiB
		Memory peak:         4.11 MiB

	handle:
		Execution time:      3.16958 sekunder
		Memory usage:        6.31 MiB
		Memory usage (real): 10 MiB
		Memory peak:         9.59 MiB

	full:
		Execution time:      4.47849 sekunder
		Memory usage:        6.3 MiB
		Memory usage (real): 10 MiB
		Memory peak:         9.59 MiB

Inventoried assets: Computer #7
2025-03-15 14:24:11 [@SRVSN024]
Computer:
	prepare:
		Execution time:      0.00262 sekunder
		Memory usage:        3.09 MiB
		Memory usage (real): 6 MiB
		Memory peak:         3.72 MiB

	handle:
		Execution time:      0.3635 sekunder
		Memory usage:        5.12 MiB
		Memory usage (real): 10 MiB
		Memory peak:         9.11 MiB

	full:
		Execution time:      0.54487 sekunder
		Memory usage:        5.12 MiB
		Memory usage (real): 10 MiB
		Memory peak:         9.11 MiB

Inventoried assets: Computer #6
2025-03-15 23:51:52 [@SRVSN024]
Computer:
	prepare:
		Execution time:      0.12357 sekunder
		Memory usage:        5.42 MiB
		Memory usage (real): 10 MiB
		Memory peak:         9.63 MiB

	handle:
		Execution time:      12.59446 sekunder
		Memory usage:        14.79 MiB
		Memory usage (real): 20 MiB
		Memory peak:         15.7 MiB

	full:
		Execution time:      15.30929 sekunder
		Memory usage:        14.76 MiB
		Memory usage (real): 20 MiB
		Memory peak:         15.7 MiB

Inventoried assets: Computer #5
2025-03-16 14:17:43 [@SRVSN024]
Computer:
	prepare:
		Execution time:      0.10599 sekunder
		Memory usage:        3.09 MiB
		Memory usage (real): 6 MiB
		Memory peak:         3.72 MiB

	handle:
		Execution time:      3.07348 sekunder
		Memory usage:        5.12 MiB
		Memory usage (real): 10 MiB
		Memory peak:         9.11 MiB

	full:
		Execution time:      4.31883 sekunder
		Memory usage:        5.12 MiB
		Memory usage (real): 10 MiB
		Memory peak:         9.11 MiB

Inventoried assets: Computer #6
2025-03-16 14:21:08 [@SRVSN024]
Computer:
	prepare:
		Execution time:      0.00061 sekunder
		Memory usage:        3.1 MiB
		Memory usage (real): 6 MiB
		Memory peak:         3.96 MiB

	handle:
		Execution time:      0.45955 sekunder
		Memory usage:        5.4 MiB
		Memory usage (real): 8 MiB
		Memory peak:         5.8 MiB

	full:
		Execution time:      0.65286 sekunder
		Memory usage:        5.4 MiB
		Memory usage (real): 8 MiB
		Memory peak:         5.8 MiB

Inventoried assets: Computer #7
2025-03-17 08:28:40 [@SRVSN024]
Computer:
	prepare:
		Execution time:      0.11112 sekunder
		Memory usage:        5.22 MiB
		Memory usage (real): 8 MiB
		Memory peak:         7.44 MiB

	handle:
		Execution time:      11.54579 sekunder
		Memory usage:        14.85 MiB
		Memory usage (real): 20 MiB
		Memory peak:         16.13 MiB

	full:
		Execution time:      13.83269 sekunder
		Memory usage:        14.82 MiB
		Memory usage (real): 20 MiB
		Memory peak:         16.13 MiB

Inventoried assets: Computer #5
2025-03-17 09:01:14 [@SRVSN024]
Computer:
	prepare:
		Execution time:      0.00238 sekunder
		Memory usage:        5.6 MiB
		Memory usage (real): 10 MiB
		Memory peak:         7.86 MiB

	handle:
		Execution time:      2.23075 sekunder
		Memory usage:        15.74 MiB
		Memory usage (real): 22 MiB
		Memory peak:         16.85 MiB

	full:
		Execution time:      3.11171 sekunder
		Memory usage:        15.43 MiB
		Memory usage (real): 22 MiB
		Memory peak:         16.85 MiB

Inventoried assets: Computer #3
2025-03-17 10:24:27 [@SRVSN024]
Computer:
	prepare:
		Execution time:      0.00263 sekunder
		Memory usage:        5.48 MiB
		Memory usage (real): 10 MiB
		Memory peak:         7.86 MiB

	handle:
		Execution time:      5.40193 sekunder
		Memory usage:        15.21 MiB
		Memory usage (real): 22 MiB
		Memory peak:         16.35 MiB

	full:
		Execution time:      6.80556 sekunder
		Memory usage:        15.1 MiB
		Memory usage (real): 22 MiB
		Memory peak:         16.35 MiB

Inventoried assets: Computer #3
2025-03-17 11:26:27 [@SRVSN024]
Computer:
	prepare:
		Execution time:      0.00119 sekunder
		Memory usage:        5.45 MiB
		Memory usage (real): 10 MiB
		Memory peak:         8 MiB

	handle:
		Execution time:      0.22331 sekunder
		Memory usage:        7.01 MiB
		Memory usage (real): 10 MiB
		Memory peak:         8 MiB

	full:
		Execution time:      0.51756 sekunder
		Memory usage:        7.01 MiB
		Memory usage (real): 10 MiB
		Memory peak:         8 MiB

Inventoried assets: Computer #3
2025-03-17 11:28:28 [@SRVSN024]
Computer:
	prepare:
		Execution time:      0.00113 sekunder
		Memory usage:        5.32 MiB
		Memory usage (real): 10 MiB
		Memory peak:         7.87 MiB

	handle:
		Execution time:      0.14052 sekunder
		Memory usage:        6.55 MiB
		Memory usage (real): 10 MiB
		Memory peak:         7.87 MiB

	full:
		Execution time:      0.22628 sekunder
		Memory usage:        6.54 MiB
		Memory usage (real): 10 MiB
		Memory peak:         7.87 MiB

Inventoried assets: Computer #3
2025-03-17 11:31:21 [@SRVSN024]
Computer:
	prepare:
		Execution time:      0.00108 sekunder
		Memory usage:        5.32 MiB
		Memory usage (real): 10 MiB
		Memory peak:         7.87 MiB

	handle:
		Execution time:      0.28224 sekunder
		Memory usage:        6.75 MiB
		Memory usage (real): 10 MiB
		Memory peak:         7.87 MiB

	full:
		Execution time:      0.34769 sekunder
		Memory usage:        6.75 MiB
		Memory usage (real): 10 MiB
		Memory peak:         7.87 MiB

Inventoried assets: Computer #3
2025-03-17 11:35:34 [@SRVSN024]
Computer:
	prepare:
		Execution time:      0.00094 sekunder
		Memory usage:        5.32 MiB
		Memory usage (real): 10 MiB
		Memory peak:         7.87 MiB

	handle:
		Execution time:      0.14157 sekunder
		Memory usage:        6.54 MiB
		Memory usage (real): 10 MiB
		Memory peak:         7.87 MiB

	full:
		Execution time:      0.20829 sekunder
		Memory usage:        6.54 MiB
		Memory usage (real): 10 MiB
		Memory peak:         7.87 MiB

Inventoried assets: Computer #3
2025-03-17 11:43:54 [@SRVSN024]
Computer:
	prepare:
		Execution time:      0.00128 sekunder
		Memory usage:        5.32 MiB
		Memory usage (real): 10 MiB
		Memory peak:         7.87 MiB

	handle:
		Execution time:      0.1743 sekunder
		Memory usage:        6.54 MiB
		Memory usage (real): 10 MiB
		Memory peak:         7.87 MiB

	full:
		Execution time:      0.24653 sekunder
		Memory usage:        6.54 MiB
		Memory usage (real): 10 MiB
		Memory peak:         7.87 MiB

Inventoried assets: Computer #3
2025-03-17 12:01:04 [@SRVSN024]
Computer:
	prepare:
		Execution time:      0.00093 sekunder
		Memory usage:        5.32 MiB
		Memory usage (real): 10 MiB
		Memory peak:         7.86 MiB

	handle:
		Execution time:      0.19641 sekunder
		Memory usage:        6.73 MiB
		Memory usage (real): 10 MiB
		Memory peak:         7.86 MiB

	full:
		Execution time:      0.26128 sekunder
		Memory usage:        6.73 MiB
		Memory usage (real): 10 MiB
		Memory peak:         7.86 MiB

Inventoried assets: Computer #3
2025-03-17 12:03:10 [@SRVSN024]
Computer:
	prepare:
		Execution time:      0.00097 sekunder
		Memory usage:        5.32 MiB
		Memory usage (real): 10 MiB
		Memory peak:         7.86 MiB

	handle:
		Execution time:      0.13771 sekunder
		Memory usage:        6.54 MiB
		Memory usage (real): 10 MiB
		Memory peak:         7.86 MiB

	full:
		Execution time:      0.19743 sekunder
		Memory usage:        6.54 MiB
		Memory usage (real): 10 MiB
		Memory peak:         7.86 MiB

Inventoried assets: Computer #3
2025-03-17 12:10:39 [@SRVSN024]
Computer:
	prepare:
		Execution time:      0.00229 sekunder
		Memory usage:        5.32 MiB
		Memory usage (real): 10 MiB
		Memory peak:         7.86 MiB

	handle:
		Execution time:      0.20911 sekunder
		Memory usage:        6.73 MiB
		Memory usage (real): 10 MiB
		Memory peak:         7.86 MiB

	full:
		Execution time:      0.2788 sekunder
		Memory usage:        6.73 MiB
		Memory usage (real): 10 MiB
		Memory peak:         7.86 MiB

Inventoried assets: Computer #3
2025-03-17 12:20:28 [@SRVSN024]
Computer:
	prepare:
		Execution time:      0.00129 sekunder
		Memory usage:        5.32 MiB
		Memory usage (real): 10 MiB
		Memory peak:         7.86 MiB

	handle:
		Execution time:      0.141 sekunder
		Memory usage:        6.54 MiB
		Memory usage (real): 10 MiB
		Memory peak:         7.86 MiB

	full:
		Execution time:      0.21564 sekunder
		Memory usage:        6.54 MiB
		Memory usage (real): 10 MiB
		Memory peak:         7.86 MiB

Inventoried assets: Computer #3
2025-03-17 13:32:47 [@SRVSN024]
Computer:
	prepare:
		Execution time:      0.00234 sekunder
		Memory usage:        5.47 MiB
		Memory usage (real): 10 MiB
		Memory peak:         8.01 MiB

	handle:
		Execution time:      0.32164 sekunder
		Memory usage:        6.86 MiB
		Memory usage (real): 10 MiB
		Memory peak:         8.01 MiB

	full:
		Execution time:      1.28958 sekund
		Memory usage:        6.85 MiB
		Memory usage (real): 10 MiB
		Memory peak:         8.01 MiB

Inventoried assets: Computer #3
2025-03-17 13:46:23 [@SRVSN024]
Computer:
	prepare:
		Execution time:      0.00097 sekunder
		Memory usage:        5.34 MiB
		Memory usage (real): 10 MiB
		Memory peak:         7.88 MiB

	handle:
		Execution time:      2.50897 sekunder
		Memory usage:        7.15 MiB
		Memory usage (real): 10 MiB
		Memory peak:         7.88 MiB

	full:
		Execution time:      2.59353 sekunder
		Memory usage:        7.15 MiB
		Memory usage (real): 10 MiB
		Memory peak:         7.88 MiB

Inventoried assets: Computer #3
2025-03-17 13:55:35 [@SRVSN024]
Computer:
	prepare:
		Execution time:      0.00031 sekunder
		Memory usage:        2.63 MiB
		Memory usage (real): 4 MiB
		Memory peak:         3.2 MiB

	handle:
		Execution time:      0.20306 sekunder
		Memory usage:        4.11 MiB
		Memory usage (real): 6 MiB
		Memory peak:         4.5 MiB

	full:
		Execution time:      0.23448 sekunder
		Memory usage:        4.1 MiB
		Memory usage (real): 6 MiB
		Memory peak:         4.5 MiB

Inventoried assets: Computer #7
2025-03-17 13:55:37 [@SRVSN024]
Computer:
	prepare:
		Execution time:      0.00086 sekunder
		Memory usage:        5.33 MiB
		Memory usage (real): 10 MiB
		Memory peak:         7.88 MiB

	handle:
		Execution time:      0.1429 sekunder
		Memory usage:        6.55 MiB
		Memory usage (real): 10 MiB
		Memory peak:         7.88 MiB

	full:
		Execution time:      0.20303 sekunder
		Memory usage:        6.55 MiB
		Memory usage (real): 10 MiB
		Memory peak:         7.88 MiB

Inventoried assets: Computer #3
2025-03-17 14:09:21 [@SRVSN024]
Computer:
	prepare:
		Execution time:      0.00096 sekunder
		Memory usage:        5.33 MiB
		Memory usage (real): 10 MiB
		Memory peak:         7.88 MiB

	handle:
		Execution time:      0.22521 sekunder
		Memory usage:        6.78 MiB
		Memory usage (real): 10 MiB
		Memory peak:         7.88 MiB

	full:
		Execution time:      0.29412 sekunder
		Memory usage:        6.78 MiB
		Memory usage (real): 10 MiB
		Memory peak:         7.88 MiB

Inventoried assets: Computer #3
2025-03-17 14:15:56 [@SRVSN024]
Computer:
	prepare:
		Execution time:      0.00084 sekunder
		Memory usage:        5.34 MiB
		Memory usage (real): 10 MiB
		Memory peak:         7.88 MiB

	handle:
		Execution time:      0.21518 sekunder
		Memory usage:        6.5 MiB
		Memory usage (real): 10 MiB
		Memory peak:         7.88 MiB

	full:
		Execution time:      0.27489 sekunder
		Memory usage:        6.49 MiB
		Memory usage (real): 10 MiB
		Memory peak:         7.88 MiB

Inventoried assets: Computer #8
2025-03-17 14:19:20 [@SRVSN024]
Computer:
	prepare:
		Execution time:      0.00092 sekunder
		Memory usage:        5.33 MiB
		Memory usage (real): 10 MiB
		Memory peak:         7.88 MiB

	handle:
		Execution time:      0.21625 sekunder
		Memory usage:        6.78 MiB
		Memory usage (real): 10 MiB
		Memory peak:         7.88 MiB

	full:
		Execution time:      0.28102 sekunder
		Memory usage:        6.78 MiB
		Memory usage (real): 10 MiB
		Memory peak:         7.88 MiB

Inventoried assets: Computer #8
2025-03-17 14:22:05 [@SRVSN024]
Computer:
	prepare:
		Execution time:      0.00105 sekunder
		Memory usage:        5.33 MiB
		Memory usage (real): 10 MiB
		Memory peak:         7.88 MiB

	handle:
		Execution time:      0.135 sekunder
		Memory usage:        6.57 MiB
		Memory usage (real): 10 MiB
		Memory peak:         7.88 MiB

	full:
		Execution time:      0.20132 sekunder
		Memory usage:        6.57 MiB
		Memory usage (real): 10 MiB
		Memory peak:         7.88 MiB

Inventoried assets: Computer #8
2025-03-17 14:41:49 [@SRVSN024]
Computer:
	prepare:
		Execution time:      0.00048 sekunder
		Memory usage:        2.61 MiB
		Memory usage (real): 4 MiB
		Memory peak:         3.14 MiB

	handle:
		Execution time:      0.12804 sekunder
		Memory usage:        3.18 MiB
		Memory usage (real): 6 MiB
		Memory peak:         3.58 MiB

	full:
		Execution time:      0.15376 sekunder
		Memory usage:        3.18 MiB
		Memory usage (real): 6 MiB
		Memory peak:         3.58 MiB

Inventoried assets: Computer #9
2025-03-17 14:42:00 [@SRVSN024]
Computer:
	prepare:
		Execution time:      0.00158 sekunder
		Memory usage:        5.33 MiB
		Memory usage (real): 10 MiB
		Memory peak:         7.87 MiB

	handle:
		Execution time:      0.23459 sekunder
		Memory usage:        6.77 MiB
		Memory usage (real): 10 MiB
		Memory peak:         7.87 MiB

	full:
		Execution time:      0.29898 sekunder
		Memory usage:        6.76 MiB
		Memory usage (real): 10 MiB
		Memory peak:         7.87 MiB

Inventoried assets: Computer #8
2025-03-17 14:45:14 [@SRVSN024]
Computer:
	prepare:
		Execution time:      0.00102 sekunder
		Memory usage:        5.33 MiB
		Memory usage (real): 10 MiB
		Memory peak:         7.87 MiB

	handle:
		Execution time:      0.14966 sekunder
		Memory usage:        6.57 MiB
		Memory usage (real): 10 MiB
		Memory peak:         7.87 MiB

	full:
		Execution time:      0.21136 sekunder
		Memory usage:        6.57 MiB
		Memory usage (real): 10 MiB
		Memory peak:         7.87 MiB

Inventoried assets: Computer #8
2025-03-18 07:59:29 [@SRVSN024]
Computer:
	prepare:
		Execution time:      0.11892 sekunder
		Memory usage:        5.28 MiB
		Memory usage (real): 10 MiB
		Memory peak:         9.49 MiB

	handle:
		Execution time:      1.84247 sekund
		Memory usage:        6.36 MiB
		Memory usage (real): 10 MiB
		Memory peak:         9.49 MiB

	full:
		Execution time:      3.32097 sekunder
		Memory usage:        6.35 MiB
		Memory usage (real): 10 MiB
		Memory peak:         9.49 MiB

Inventoried assets: Computer #10
2025-03-18 09:56:05 [@SRVSN024]
Computer:
	prepare:
		Execution time:      0.12343 sekunder
		Memory usage:        5.44 MiB
		Memory usage (real): 10 MiB
		Memory peak:         7.83 MiB

	handle:
		Execution time:      2.98411 sekunder
		Memory usage:        7.32 MiB
		Memory usage (real): 12 MiB
		Memory peak:         11.18 MiB

	full:
		Execution time:      4.24763 sekunder
		Memory usage:        7.32 MiB
		Memory usage (real): 12 MiB
		Memory peak:         11.18 MiB

Inventoried assets: Computer #8
