2024-11-18 14:48:13 [@SRVSN024]
Internal #1: Launch contract
2024-11-27 09:03:50 [@SRVSN024]
Internal #1: Launch infocom
2024-11-27 09:12:57 [@SRVSN024]
Internal #1: Launch mailgate
2024-11-27 09:36:35 [@SRVSN024]
Internal #1: Launch session
2024-11-27 09:36:51 [@SRVSN024]
Intern #1: Starta graph
2024-11-27 09:38:04 [@SRVSN024]
Intern #1: Starta reservation
2024-11-27 09:43:53 [2@SRVSN024]
Intern #1: Starta closeticket
2024-11-27 09:43:59 [@SRVSN024]
Intern #1: Starta alertnotclosed
2024-11-27 09:44:06 [@SRVSN024]
Intern #1: Starta slaticket
2024-11-27 09:44:18 [@SRVSN024]
Intern #1: Starta createinquest
2024-11-27 09:45:27 [@SRVSN024]
Intern #1: Starta watcher
2024-11-27 09:45:34 [@SRVSN024]
Intern #1: Starta RecurrentItems
2024-11-27 09:47:07 [@SRVSN024]
Intern #1: Starta planningrecall
2024-11-27 09:47:13 [@SRVSN024]
Intern #1: Starta queuednotification
2024-11-27 09:48:04 [@SRVSN024]
Intern #1: Starta queuednotificationclean
2024-11-27 09:48:28 [@SRVSN024]
Intern #1: Starta temp
2024-11-27 09:55:48 [2@SRVSN024]
Intern #1: Starta mailgateerror
2024-11-27 15:22:38 [@SRVSN024]
Intern #1: Starta certificate
2024-11-29 07:56:56 [@SRVSN024]
Internal #1: Launch olaticket
2024-11-29 08:36:14 [@SRVSN024]
Intern #1: Starta contract
2024-11-29 08:41:37 [2@SRVSN024]
Intern #1: Starta mailgate
2024-11-29 08:42:57 [7@SRVSN024]
Intern #1: Starta queuednotification
2024-11-29 09:10:46 [7@SRVSN024]
Intern #1: Starta slaticket
2024-12-02 11:14:52 [@SRVSN024]
Internal #1: Launch planningrecall
2024-12-02 11:14:59 [@SRVSN024]
Internal #1: Launch graph
2024-12-02 11:20:16 [7@SRVSN024]
Intern #1: Starta reservation
2024-12-02 11:25:43 [7@SRVSN024]
Intern #1: Starta RecurrentItems
2024-12-02 11:30:55 [7@SRVSN024]
Intern #1: Starta temp
2024-12-02 11:36:08 [7@SRVSN024]
Intern #1: Starta closeticket
2024-12-06 12:18:57 [@SRVSN024]
Internal #1: Launch alertnotclosed
2024-12-06 12:19:45 [@SRVSN024]
Internal #1: Launch infocom
2024-12-06 12:39:55 [@SRVSN024]
Internal #1: Launch session
2024-12-06 12:40:13 [@SRVSN024]
Internal #1: Launch createinquest
2024-12-06 12:41:29 [@SRVSN024]
Internal #1: Launch watcher
2024-12-06 12:41:47 [@SRVSN024]
Internal #1: Launch queuednotificationclean
2024-12-06 13:46:44 [7@SRVSN024]
Intern #1: Starta mailgateerror
2024-12-06 13:51:47 [7@SRVSN024]
Intern #1: Starta certificate
2025-01-28 11:04:44 [@SRVSN024]
Internal #1: Launch olaticket
2025-01-28 11:09:48 [7@SRVSN024]
Intern #1: Starta queuednotification
2025-01-28 12:09:00 [@SRVSN024]
Internal #1: Launch mailgate
2025-01-28 12:17:35 [7@SRVSN024]
Intern #1: Starta slaticket
2025-01-28 12:24:29 [7@SRVSN024]
Intern #1: Starta contract
2025-01-28 12:59:04 [7@SRVSN024]
Intern #1: Starta planningrecall
2025-02-17 12:59:21 [@SRVSN024]
Internal #1: Launch graph
2025-02-17 13:19:58 [7@SRVSN024]
Intern #1: Starta reservation
2025-02-17 13:28:06 [7@SRVSN024]
Intern #1: Starta RecurrentItems
2025-02-17 13:33:13 [7@SRVSN024]
Intern #1: Starta temp
2025-02-17 13:38:30 [7@SRVSN024]
Intern #1: Starta closeticket
2025-02-17 14:04:45 [7@SRVSN024]
Intern #1: Starta alertnotclosed
2025-02-17 14:17:04 [7@SRVSN024]
Intern #1: Starta infocom
2025-02-17 14:22:52 [7@SRVSN024]
Intern #1: Starta session
2025-02-17 14:35:53 [7@SRVSN024]
Intern #1: Starta createinquest
2025-02-17 14:41:48 [7@SRVSN024]
Intern #1: Starta watcher
2025-02-17 14:46:58 [7@SRVSN024]
Intern #1: Starta queuednotificationclean
2025-03-07 15:10:59 [@SRVSN024]
Internal #1: Launch mailgateerror
2025-03-07 15:16:05 [7@SRVSN024]
Intern #1: Starta certificate
2025-03-07 15:21:09 [7@SRVSN024]
Intern #1: Starta olaticket
2025-03-10 08:51:20 [@SRVSN024]
Internal #1: Launch queuednotification
2025-03-10 09:03:21 [7@SRVSN024]
Intern #1: Starta mailgate
2025-03-10 09:08:25 [7@SRVSN024]
Intern #1: Starta slaticket
2025-03-10 09:13:36 [7@SRVSN024]
Intern #1: Starta planningrecall
2025-03-10 09:22:41 [7@SRVSN024]
Intern #1: Starta contract
2025-03-10 09:27:44 [7@SRVSN024]
Intern #1: Starta graph
2025-03-10 09:33:05 [7@SRVSN024]
Intern #1: Starta reservation
2025-03-10 09:36:24 [@SRVSN024]
Internal #1: Launch RecurrentItems
2025-03-10 09:40:58 [7@SRVSN024]
Intern #1: Starta temp
2025-03-10 09:48:01 [7@SRVSN024]
Intern #1: Starta closeticket
2025-03-10 13:59:05 [@SRVSN024]
Internal #1: Launch alertnotclosed
2025-03-10 13:59:12 [@SRVSN024]
Intern #1: Starta infocom
2025-03-10 14:01:23 [@SRVSN024]
Intern #1: Starta session
2025-03-10 14:10:42 [7@SRVSN024]
Intern #1: Starta createinquest
2025-03-10 14:22:38 [7@SRVSN024]
Intern #1: Starta watcher
2025-03-10 14:27:51 [7@SRVSN024]
Intern #1: Starta queuednotificationclean
2025-03-11 08:00:45 [7@SRVSN024]
Intern #1: Starta olaticket
2025-03-11 08:15:04 [7@SRVSN024]
Intern #1: Starta mailgateerror
2025-03-11 08:30:46 [7@SRVSN024]
Intern #1: Starta certificate
2025-03-11 08:51:40 [7@SRVSN024]
Intern #1: Starta queuednotification
2025-03-11 09:01:38 [7@SRVSN024]
Intern #1: Starta mailgate
2025-03-11 10:07:17 [7@SRVSN024]
Intern #1: Starta slaticket
2025-03-11 10:15:20 [7@SRVSN024]
Intern #1: Starta planningrecall
2025-03-11 10:20:27 [7@SRVSN024]
Intern #1: Starta graph
2025-03-11 10:26:31 [7@SRVSN024]
Intern #1: Starta reservation
2025-03-11 10:32:15 [7@SRVSN024]
Intern #1: Starta RecurrentItems
2025-03-11 10:37:48 [7@SRVSN024]
Intern #1: Starta temp
2025-03-11 10:42:48 [7@SRVSN024]
Intern #1: Starta closeticket
2025-03-11 10:50:54 [7@SRVSN024]
Intern #1: Starta alertnotclosed
2025-03-11 11:01:09 [7@SRVSN024]
Intern #1: Starta olaticket
2025-03-11 11:06:13 [7@SRVSN024]
Intern #1: Starta queuednotification
2025-03-11 11:11:58 [7@SRVSN024]
Intern #1: Starta mailgate
2025-03-11 11:18:36 [7@SRVSN024]
Intern #1: Starta contract
2025-03-11 11:24:08 [7@SRVSN024]
Intern #1: Starta slaticket
2025-03-11 11:30:11 [7@SRVSN024]
Intern #1: Starta planningrecall
2025-03-11 11:35:47 [7@SRVSN024]
Intern #1: Starta olaticket
2025-03-11 11:41:28 [7@SRVSN024]
Intern #1: Starta queuednotification
2025-03-11 11:46:50 [7@SRVSN024]
Intern #1: Starta graph
2025-03-11 11:51:55 [7@SRVSN024]
Intern #1: Starta mailgate
2025-03-11 11:57:07 [7@SRVSN024]
Intern #1: Starta reservation
2025-03-11 12:07:02 [7@SRVSN024]
Intern #1: Starta slaticket
2025-03-11 12:12:06 [7@SRVSN024]
Intern #1: Starta RecurrentItems
2025-03-11 12:18:10 [7@SRVSN024]
Intern #1: Starta planningrecall
2025-03-11 14:21:29 [7@SRVSN024]
Intern #1: Starta temp
2025-03-11 14:26:51 [7@SRVSN024]
Intern #1: Starta olaticket
2025-03-11 14:35:19 [7@SRVSN024]
Intern #1: Starta queuednotification
2025-03-11 14:42:12 [7@SRVSN024]
Intern #1: Starta mailgate
2025-03-12 08:29:56 [7@SRVSN024]
Intern #1: Starta slaticket
2025-03-12 08:40:01 [7@SRVSN024]
Intern #1: Starta planningrecall
2025-03-12 08:47:58 [7@SRVSN024]
Intern #1: Starta graph
2025-03-12 09:01:59 [7@SRVSN024]
Intern #1: Starta reservation
2025-03-12 09:02:42 [@SRVSN024]
Intern #1: Starta RecurrentItems
2025-03-12 09:06:24 [@SRVSN024]
Intern #1: Starta infocom
2025-03-12 09:19:50 [7@SRVSN024]
Intern #1: Starta session
2025-03-12 09:21:03 [7@SRVSN024]
Intern #1: Starta createinquest
2025-03-12 09:27:27 [7@SRVSN024]
Intern #1: Starta watcher
2025-03-12 09:32:42 [7@SRVSN024]
Intern #1: Starta queuednotificationclean
2025-03-12 09:36:31 [@SRVSN024]
Internal #1: Launch olaticket
2025-03-12 09:51:18 [7@SRVSN024]
Intern #1: Starta queuednotification
2025-03-12 09:52:32 [@SRVSN024]
Intern #1: Starta mailgate
2025-03-12 09:54:13 [@SRVSN024]
Intern #1: Starta temp
2025-03-12 10:02:51 [7@SRVSN024]
Intern #1: Starta closeticket
2025-03-12 10:05:00 [@SRVSN024]
Intern #1: Starta alertnotclosed
2025-03-12 10:10:53 [7@SRVSN024]
Intern #1: Starta mailgateerror
2025-03-12 10:22:54 [7@SRVSN024]
Intern #1: Starta certificate
2025-03-12 10:39:33 [@SRVSN024]
Internal #1: Launch slaticket
2025-03-12 11:30:54 [7@SRVSN024]
Intern #1: Starta planningrecall
2025-03-12 11:31:54 [@SRVSN024]
Intern #1: Starta olaticket
2025-03-12 11:37:05 [7@SRVSN024]
Intern #1: Starta graph
2025-03-12 12:34:42 [@SRVSN024]
Intern #1: Starta queuednotification
2025-03-12 12:41:01 [9@SRVSN024]
Intern #1: Starta reservation
2025-03-12 12:54:07 [7@SRVSN024]
Intern #1: Starta mailgate
2025-03-12 13:04:04 [9@SRVSN024]
Intern #1: Starta RecurrentItems
2025-03-12 13:08:01 [7@SRVSN024]
Intern #1: Starta slaticket
2025-03-12 13:23:31 [7@SRVSN024]
Intern #1: Starta temp
2025-03-12 13:29:55 [7@SRVSN024]
Intern #1: Starta contract
2025-03-12 13:35:05 [7@SRVSN024]
Intern #1: Starta planningrecall
2025-03-12 13:41:07 [7@SRVSN024]
Intern #1: Starta olaticket
2025-03-12 13:47:08 [7@SRVSN024]
Intern #1: Starta queuednotification
2025-03-12 13:52:09 [7@SRVSN024]
Intern #1: Starta graph
2025-03-12 14:24:39 [9@SRVSN024]
Intern #1: Starta mailgate
2025-03-12 15:41:31 [7@SRVSN024]
Intern #1: Starta slaticket
2025-03-12 15:46:36 [7@SRVSN024]
Intern #1: Starta planningrecall
2025-03-13 11:02:05 [@SRVSN024]
Internal #1: Launch reservation
2025-03-13 11:22:21 [7@SRVSN024]
Intern #1: Starta olaticket
2025-03-13 11:27:25 [7@SRVSN024]
Intern #1: Starta queuednotification
2025-03-13 11:32:38 [7@SRVSN024]
Intern #1: Starta RecurrentItems
2025-03-13 11:39:55 [7@SRVSN024]
Intern #1: Starta temp
2025-03-13 11:44:55 [7@SRVSN024]
Intern #1: Starta mailgate
2025-03-13 11:50:22 [@SRVSN024]
Internal #1: Launch graph
2025-03-14 12:14:08 [@SRVSN024]
Internal #1: Launch slaticket
2025-03-14 12:29:22 [7@SRVSN024]
Intern #1: Starta planningrecall
2025-03-14 12:35:31 [7@SRVSN024]
Intern #1: Starta closeticket
2025-03-14 12:44:10 [7@SRVSN024]
Intern #1: Starta alertnotclosed
2025-03-14 13:37:52 [7@SRVSN024]
Intern #1: Starta infocom
2025-03-14 13:56:04 [7@SRVSN024]
Intern #1: Starta session
2025-03-14 13:56:42 [@SRVSN024]
Intern #1: Starta createinquest
2025-03-14 14:04:17 [7@SRVSN024]
Intern #1: Starta watcher
2025-03-14 14:26:18 [@SRVSN024]
Intern #1: Starta queuednotificationclean
2025-03-14 14:35:59 [@SRVSN024]
Internal #1: Launch mailgateerror
2025-03-14 14:36:03 [@SRVSN024]
Internal #1: Launch certificate
2025-03-14 14:41:19 [7@SRVSN024]
Intern #1: Starta olaticket
2025-03-14 14:46:43 [7@SRVSN024]
Intern #1: Starta queuednotification
2025-03-17 09:06:59 [@SRVSN024]
Internal #1: Launch mailgate
2025-03-17 09:12:30 [7@SRVSN024]
Intern #1: Starta reservation
2025-03-17 10:43:59 [7@SRVSN024]
Intern #1: Starta RecurrentItems
2025-03-17 10:49:02 [7@SRVSN024]
Intern #1: Starta temp
2025-03-17 10:54:20 [7@SRVSN024]
Intern #1: Starta graph
2025-03-17 11:02:44 [7@SRVSN024]
Intern #1: Starta contract
2025-03-17 11:07:58 [7@SRVSN024]
Intern #1: Starta slaticket
2025-03-17 11:14:13 [7@SRVSN024]
Intern #1: Starta planningrecall
2025-03-17 11:19:56 [7@SRVSN024]
Intern #1: Starta olaticket
2025-03-17 11:25:45 [7@SRVSN024]
Intern #1: Starta queuednotification
2025-03-17 11:33:46 [7@SRVSN024]
Intern #1: Starta closeticket
2025-03-17 11:38:57 [7@SRVSN024]
Intern #1: Starta alertnotclosed
2025-03-17 11:44:06 [7@SRVSN024]
Intern #1: Starta infocom
2025-03-17 11:51:06 [7@SRVSN024]
Intern #1: Starta session
2025-03-17 11:56:54 [7@SRVSN024]
Intern #1: Starta createinquest
2025-03-17 12:01:58 [7@SRVSN024]
Intern #1: Starta watcher
2025-03-17 12:07:18 [7@SRVSN024]
Intern #1: Starta queuednotificationclean
2025-03-17 12:12:55 [7@SRVSN024]
Intern #1: Starta mailgateerror
2025-03-17 12:17:59 [7@SRVSN024]
Intern #1: Starta certificate
2025-03-17 12:23:07 [7@SRVSN024]
Intern #1: Starta mailgate
2025-03-17 12:33:01 [7@SRVSN024]
Intern #1: Starta reservation
2025-03-17 13:30:01 [7@SRVSN024]
Intern #1: Starta slaticket
2025-03-17 13:35:07 [7@SRVSN024]
Intern #1: Starta planningrecall
2025-03-17 13:36:37 [@SRVSN024]
Internal #1: Launch olaticket
2025-03-17 13:42:05 [7@SRVSN024]
Intern #1: Starta queuednotification
2025-03-17 13:47:14 [7@SRVSN024]
Intern #1: Starta RecurrentItems
2025-03-17 13:52:17 [7@SRVSN024]
Intern #1: Starta temp
2025-03-17 13:57:25 [7@SRVSN024]
Intern #1: Starta graph
2025-03-17 14:01:13 [@SRVSN024]
Internal #1: Launch mailgate
2025-03-17 14:06:39 [7@SRVSN024]
Intern #1: Starta reservation
2025-03-17 14:11:59 [7@SRVSN024]
Intern #1: Starta slaticket
2025-03-17 14:17:05 [7@SRVSN024]
Intern #1: Starta planningrecall
2025-03-17 14:22:09 [7@SRVSN024]
Intern #1: Starta olaticket
2025-03-17 14:30:19 [7@SRVSN024]
Intern #1: Starta queuednotification
2025-03-17 14:37:31 [7@SRVSN024]
Intern #1: Starta mailgate
2025-03-17 14:43:31 [7@SRVSN024]
Intern #1: Starta slaticket
2025-03-17 14:48:45 [7@SRVSN024]
Intern #1: Starta planningrecall
2025-03-18 09:12:05 [7@SRVSN024]
Intern #1: Starta olaticket
2025-03-18 10:53:55 [7@SRVSN024]
Intern #1: Starta queuednotification
2025-03-18 10:57:07 [@SRVSN024]
Intern #1: Starta mailgate
2025-03-18 11:01:33 [7@SRVSN024]
Intern #1: Starta RecurrentItems
2025-03-18 11:02:23 [@SRVSN024]
Intern #1: Starta slaticket
2025-03-18 11:07:11 [@SRVSN024]
Internal #1: Launch temp
2025-03-18 11:21:56 [7@SRVSN024]
Intern #1: Starta planningrecall
2025-03-18 11:27:01 [7@SRVSN024]
Intern #1: Starta graph
2025-03-18 11:32:10 [7@SRVSN024]
Intern #1: Starta reservation
2025-03-18 11:38:24 [7@SRVSN024]
Intern #1: Starta closeticket
2025-03-18 11:44:46 [7@SRVSN024]
Intern #1: Starta alertnotclosed
2025-03-18 11:45:00 [@SRVSN024]
Internal #1: Launch olaticket
2025-03-18 11:45:04 [@SRVSN024]
Internal #1: Launch queuednotification
2025-03-18 11:45:58 [@SRVSN024]
Intern #1: Starta contract
2025-03-18 12:15:34 [@SRVSN024]
Internal #1: Launch mailgate
2025-03-18 12:20:40 [7@SRVSN024]
Intern #1: Starta slaticket
2025-03-18 13:28:57 [7@SRVSN024]
Intern #1: Starta planningrecall
2025-03-18 13:57:35 [7@SRVSN024]
Intern #1: Starta infocom
