[2025-03-12 15:43:36] glpisqllog.ERROR: DBmysql::doQuery() in C:\glpi\src\DBmysql.php line 395
  *** MySQL query error:
  SQL: INSERT INTO `glpi_plugin_statecheck_tables` (`id`,`name`,`comment`,`statetable`,`stateclass`,`class`,`frontname`) VALUES (null,'glpi_plugin_archisw_configsws', 'Apps structure configuration', 'glpi_plugin_archisw_configswdatatypes', 'PluginArchiswConfigswDatatype', 'PluginArchiswConfigsw', 'config')
  Error: Table 'glpi.glpi_plugin_statecheck_tables' doesn't exist
  Backtrace :
  src\DBmysql.php:1076                               DBmysql->doQuery()
  marketplace\archisw\hook.php:34                    DBmysql->runFile()
  src\Plugin.php:955                                 plugin_archisw_install()
  :                                                  Plugin->install()
  src\Marketplace\Controller.php:546                 call_user_func()
  src\Marketplace\Controller.php:436                 Glpi\Marketplace\Controller->setPluginState()
  src\Marketplace\Controller.php:179                 Glpi\Marketplace\Controller->installPlugin()
  ajax\marketplace.php:75                            Glpi\Marketplace\Controller->downloadPlugin()
  public\index.php:82                                require()
  {"user":"7@SRVSN024"} 
[2025-03-17 10:47:52] glpisqllog.ERROR: DBmysql::doQuery() in C:\glpi\src\DBmysql.php line 395
  *** MySQL query error:
  SQL: SELECT COUNT(*) AS cpt FROM `glpi_plugin_statecheck_rules` WHERE ((`groups_id` = '5'))
  Error: Unknown column 'groups_id' in 'where clause'
  Backtrace :
  src\DBmysqlIterator.php:112                        DBmysql->doQuery()
  src\DBmysql.php:1105                               DBmysqlIterator->execute()
  src\CommonDropdown.php:592                         DBmysql->request()
  src\Group.php:1066                                 CommonDropdown->isUsed()
  src\MassiveAction.php:1503                         Group->isUsed()
  src\MassiveAction.php:1425                         MassiveAction::processMassiveActionsForOneItemtype()
  src\MassiveAction.php:1403                         MassiveAction->processForSeveralItemtypes()
  front\massiveaction.php:62                         MassiveAction->process()
  public\index.php:82                                require()
  {"user":"7@SRVSN024"} 
[2025-03-17 10:47:52] glpisqllog.ERROR: DBmysql::doQuery() in C:\glpi\src\DBmysql.php line 395
  *** MySQL query error:
  SQL: SELECT * FROM `glpi_plugin_statecheck_rules` WHERE `groups_id` = '5'
  Error: Unknown column 'groups_id' in 'where clause'
  Backtrace :
  src\DBmysqlIterator.php:112                        DBmysql->doQuery()
  src\DBmysql.php:1105                               DBmysqlIterator->execute()
  src\CommonDBTM.php:932                             DBmysql->request()
  src\Group.php:1037                                 CommonDBTM->cleanRelationData()
  src\CommonDBTM.php:798                             Group->cleanRelationData()
  src\CommonDBTM.php:2105                            CommonDBTM->deleteFromDB()
  src\MassiveAction.php:1513                         CommonDBTM->delete()
  src\MassiveAction.php:1425                         MassiveAction::processMassiveActionsForOneItemtype()
  src\MassiveAction.php:1403                         MassiveAction->processForSeveralItemtypes()
  front\massiveaction.php:62                         MassiveAction->process()
  public\index.php:82                                require()
  {"user":"7@SRVSN024","mem_usage":"0.059\", 4.05Mio)"} 
[2025-03-17 10:48:06] glpisqllog.ERROR: DBmysql::doQuery() in C:\glpi\src\DBmysql.php line 395
  *** MySQL query error:
  SQL: SELECT COUNT(*) AS cpt FROM `glpi_plugin_statecheck_rules` WHERE ((`groups_id` = '4'))
  Error: Unknown column 'groups_id' in 'where clause'
  Backtrace :
  src\DBmysqlIterator.php:112                        DBmysql->doQuery()
  src\DBmysql.php:1105                               DBmysqlIterator->execute()
  src\CommonDropdown.php:592                         DBmysql->request()
  src\Group.php:1066                                 CommonDropdown->isUsed()
  src\MassiveAction.php:1503                         Group->isUsed()
  src\MassiveAction.php:1425                         MassiveAction::processMassiveActionsForOneItemtype()
  src\MassiveAction.php:1403                         MassiveAction->processForSeveralItemtypes()
  front\massiveaction.php:62                         MassiveAction->process()
  public\index.php:82                                require()
  {"user":"7@SRVSN024"} 
[2025-03-17 10:48:06] glpisqllog.ERROR: DBmysql::doQuery() in C:\glpi\src\DBmysql.php line 395
  *** MySQL query error:
  SQL: SELECT * FROM `glpi_plugin_statecheck_rules` WHERE `groups_id` = '4'
  Error: Unknown column 'groups_id' in 'where clause'
  Backtrace :
  src\DBmysqlIterator.php:112                        DBmysql->doQuery()
  src\DBmysql.php:1105                               DBmysqlIterator->execute()
  src\CommonDBTM.php:932                             DBmysql->request()
  src\Group.php:1037                                 CommonDBTM->cleanRelationData()
  src\CommonDBTM.php:798                             Group->cleanRelationData()
  src\CommonDBTM.php:2105                            CommonDBTM->deleteFromDB()
  src\MassiveAction.php:1513                         CommonDBTM->delete()
  src\MassiveAction.php:1425                         MassiveAction::processMassiveActionsForOneItemtype()
  src\MassiveAction.php:1403                         MassiveAction->processForSeveralItemtypes()
  front\massiveaction.php:62                         MassiveAction->process()
  public\index.php:82                                require()
  {"user":"7@SRVSN024","mem_usage":"0.023\", 2.90Mio)"} 
[2025-03-17 10:48:22] glpisqllog.ERROR: DBmysql::doQuery() in C:\glpi\src\DBmysql.php line 395
  *** MySQL query error:
  SQL: SELECT COUNT(*) AS cpt FROM `glpi_plugin_statecheck_rules` WHERE ((`groups_id` = '3'))
  Error: Unknown column 'groups_id' in 'where clause'
  Backtrace :
  src\DBmysqlIterator.php:112                        DBmysql->doQuery()
  src\DBmysql.php:1105                               DBmysqlIterator->execute()
  src\CommonDropdown.php:592                         DBmysql->request()
  src\Group.php:1066                                 CommonDropdown->isUsed()
  src\MassiveAction.php:1503                         Group->isUsed()
  src\MassiveAction.php:1425                         MassiveAction::processMassiveActionsForOneItemtype()
  src\MassiveAction.php:1403                         MassiveAction->processForSeveralItemtypes()
  front\massiveaction.php:62                         MassiveAction->process()
  public\index.php:82                                require()
  {"user":"7@SRVSN024"} 
[2025-03-17 10:48:22] glpisqllog.ERROR: DBmysql::doQuery() in C:\glpi\src\DBmysql.php line 395
  *** MySQL query error:
  SQL: SELECT * FROM `glpi_plugin_statecheck_rules` WHERE `groups_id` = '3'
  Error: Unknown column 'groups_id' in 'where clause'
  Backtrace :
  src\DBmysqlIterator.php:112                        DBmysql->doQuery()
  src\DBmysql.php:1105                               DBmysqlIterator->execute()
  src\CommonDBTM.php:932                             DBmysql->request()
  src\Group.php:1037                                 CommonDBTM->cleanRelationData()
  src\CommonDBTM.php:798                             Group->cleanRelationData()
  src\CommonDBTM.php:2105                            CommonDBTM->deleteFromDB()
  src\MassiveAction.php:1513                         CommonDBTM->delete()
  src\MassiveAction.php:1425                         MassiveAction::processMassiveActionsForOneItemtype()
  src\MassiveAction.php:1403                         MassiveAction->processForSeveralItemtypes()
  front\massiveaction.php:62                         MassiveAction->process()
  public\index.php:82                                require()
  {"user":"7@SRVSN024","mem_usage":"0.030\", 2.91Mio)"} 
[2025-03-17 10:48:37] glpisqllog.ERROR: DBmysql::doQuery() in C:\glpi\src\DBmysql.php line 395
  *** MySQL query error:
  SQL: SELECT COUNT(*) AS cpt FROM `glpi_plugin_statecheck_rules` WHERE ((`groups_id` = '2'))
  Error: Unknown column 'groups_id' in 'where clause'
  Backtrace :
  src\DBmysqlIterator.php:112                        DBmysql->doQuery()
  src\DBmysql.php:1105                               DBmysqlIterator->execute()
  src\CommonDropdown.php:592                         DBmysql->request()
  src\Group.php:1066                                 CommonDropdown->isUsed()
  src\MassiveAction.php:1503                         Group->isUsed()
  src\MassiveAction.php:1425                         MassiveAction::processMassiveActionsForOneItemtype()
  src\MassiveAction.php:1403                         MassiveAction->processForSeveralItemtypes()
  front\massiveaction.php:62                         MassiveAction->process()
  public\index.php:82                                require()
  {"user":"7@SRVSN024"} 
[2025-03-17 10:48:37] glpisqllog.ERROR: DBmysql::doQuery() in C:\glpi\src\DBmysql.php line 395
  *** MySQL query error:
  SQL: SELECT * FROM `glpi_plugin_statecheck_rules` WHERE `groups_id` = '2'
  Error: Unknown column 'groups_id' in 'where clause'
  Backtrace :
  src\DBmysqlIterator.php:112                        DBmysql->doQuery()
  src\DBmysql.php:1105                               DBmysqlIterator->execute()
  src\CommonDBTM.php:932                             DBmysql->request()
  src\Group.php:1037                                 CommonDBTM->cleanRelationData()
  src\CommonDBTM.php:798                             Group->cleanRelationData()
  src\CommonDBTM.php:2105                            CommonDBTM->deleteFromDB()
  src\MassiveAction.php:1513                         CommonDBTM->delete()
  src\MassiveAction.php:1425                         MassiveAction::processMassiveActionsForOneItemtype()
  src\MassiveAction.php:1403                         MassiveAction->processForSeveralItemtypes()
  front\massiveaction.php:62                         MassiveAction->process()
  public\index.php:82                                require()
  {"user":"7@SRVSN024","mem_usage":"0.030\", 2.92Mio)"} 
[2025-03-17 10:48:47] glpisqllog.ERROR: DBmysql::doQuery() in C:\glpi\src\DBmysql.php line 395
  *** MySQL query error:
  SQL: SELECT COUNT(*) AS cpt FROM `glpi_plugin_statecheck_rules` WHERE ((`groups_id` = '1'))
  Error: Unknown column 'groups_id' in 'where clause'
  Backtrace :
  src\DBmysqlIterator.php:112                        DBmysql->doQuery()
  src\DBmysql.php:1105                               DBmysqlIterator->execute()
  src\CommonDropdown.php:592                         DBmysql->request()
  src\Group.php:1066                                 CommonDropdown->isUsed()
  src\MassiveAction.php:1503                         Group->isUsed()
  src\MassiveAction.php:1425                         MassiveAction::processMassiveActionsForOneItemtype()
  src\MassiveAction.php:1403                         MassiveAction->processForSeveralItemtypes()
  front\massiveaction.php:62                         MassiveAction->process()
  public\index.php:82                                require()
  {"user":"7@SRVSN024"} 
[2025-03-17 10:48:47] glpisqllog.ERROR: DBmysql::doQuery() in C:\glpi\src\DBmysql.php line 395
  *** MySQL query error:
  SQL: SELECT * FROM `glpi_plugin_statecheck_rules` WHERE `groups_id` = '1'
  Error: Unknown column 'groups_id' in 'where clause'
  Backtrace :
  src\DBmysqlIterator.php:112                        DBmysql->doQuery()
  src\DBmysql.php:1105                               DBmysqlIterator->execute()
  src\CommonDBTM.php:932                             DBmysql->request()
  src\Group.php:1037                                 CommonDBTM->cleanRelationData()
  src\CommonDBTM.php:798                             Group->cleanRelationData()
  src\CommonDBTM.php:2105                            CommonDBTM->deleteFromDB()
  src\MassiveAction.php:1513                         CommonDBTM->delete()
  src\MassiveAction.php:1425                         MassiveAction::processMassiveActionsForOneItemtype()
  src\MassiveAction.php:1403                         MassiveAction->processForSeveralItemtypes()
  front\massiveaction.php:62                         MassiveAction->process()
  public\index.php:82                                require()
  {"user":"7@SRVSN024","mem_usage":"0.022\", 2.93Mio)"} 
[2025-03-17 12:25:47] glpisqllog.ERROR: DBmysql::doQuery() in C:\glpi\src\DBmysql.php line 395
  *** MySQL query error:
  SQL: UPDATE `glpi_items_softwareversions` SET `softwareversions_id` = '3082' WHERE `id` = '605'
  Error: Duplicate entry 'Computer-3-3082' for key 'unicity'
  Backtrace :
  src\DBmysql.php:1499                               DBmysql->doQuery()
  src\Transfer.php:1800                              DBmysql->update()
  src\Transfer.php:1351                              Transfer->transferItemSoftwares()
  src\Transfer.php:270                               Transfer->transferItem()
  front\transfer.action.php:49                       Transfer->moveItems()
  public\index.php:82                                require()
  {"user":"7@SRVSN024"} 
[2025-03-17 12:25:47] glpisqllog.ERROR: DBmysql::doQuery() in C:\glpi\src\DBmysql.php line 395
  *** MySQL query error:
  SQL: UPDATE `glpi_items_softwareversions` SET `softwareversions_id` = '3158' WHERE `id` = '606'
  Error: Duplicate entry 'Computer-3-3158' for key 'unicity'
  Backtrace :
  src\DBmysql.php:1499                               DBmysql->doQuery()
  src\Transfer.php:1800                              DBmysql->update()
  src\Transfer.php:1351                              Transfer->transferItemSoftwares()
  src\Transfer.php:270                               Transfer->transferItem()
  front\transfer.action.php:49                       Transfer->moveItems()
  public\index.php:82                                require()
  {"user":"7@SRVSN024","mem_usage":"0.002\", 11.87Mio)"} 
[2025-03-17 12:25:47] glpisqllog.ERROR: DBmysql::doQuery() in C:\glpi\src\DBmysql.php line 395
  *** MySQL query error:
  SQL: UPDATE `glpi_items_softwareversions` SET `softwareversions_id` = '3067' WHERE `id` = '622'
  Error: Duplicate entry 'Computer-3-3067' for key 'unicity'
  Backtrace :
  src\DBmysql.php:1499                               DBmysql->doQuery()
  src\Transfer.php:1800                              DBmysql->update()
  src\Transfer.php:1351                              Transfer->transferItemSoftwares()
  src\Transfer.php:270                               Transfer->transferItem()
  front\transfer.action.php:49                       Transfer->moveItems()
  public\index.php:82                                require()
  {"user":"7@SRVSN024","mem_usage":"0.038\", 11.99Mio)"} 
[2025-03-17 12:25:47] glpisqllog.ERROR: DBmysql::doQuery() in C:\glpi\src\DBmysql.php line 395
  *** MySQL query error:
  SQL: UPDATE `glpi_items_softwareversions` SET `softwareversions_id` = '3231' WHERE `id` = '745'
  Error: Duplicate entry 'Computer-3-3231' for key 'unicity'
  Backtrace :
  src\DBmysql.php:1499                               DBmysql->doQuery()
  src\Transfer.php:1800                              DBmysql->update()
  src\Transfer.php:1351                              Transfer->transferItemSoftwares()
  src\Transfer.php:270                               Transfer->transferItem()
  front\transfer.action.php:49                       Transfer->moveItems()
  public\index.php:82                                require()
  {"user":"7@SRVSN024","mem_usage":"0.328\", 13.06Mio)"} 
[2025-03-17 12:25:48] glpisqllog.ERROR: DBmysql::doQuery() in C:\glpi\src\DBmysql.php line 395
  *** MySQL query error:
  SQL: UPDATE `glpi_items_softwareversions` SET `softwareversions_id` = '2956' WHERE `id` = '852'
  Error: Duplicate entry 'Computer-3-2956' for key 'unicity'
  Backtrace :
  src\DBmysql.php:1499                               DBmysql->doQuery()
  src\Transfer.php:1800                              DBmysql->update()
  src\Transfer.php:1351                              Transfer->transferItemSoftwares()
  src\Transfer.php:270                               Transfer->transferItem()
  front\transfer.action.php:49                       Transfer->moveItems()
  public\index.php:82                                require()
  {"user":"7@SRVSN024","mem_usage":"0.260\", 14.13Mio)"} 
[2025-03-17 12:25:48] glpisqllog.ERROR: DBmysql::doQuery() in C:\glpi\src\DBmysql.php line 395
  *** MySQL query error:
  SQL: UPDATE `glpi_items_softwareversions` SET `softwareversions_id` = '3216' WHERE `id` = '957'
  Error: Duplicate entry 'Computer-3-3216' for key 'unicity'
  Backtrace :
  src\DBmysql.php:1499                               DBmysql->doQuery()
  src\Transfer.php:1800                              DBmysql->update()
  src\Transfer.php:1351                              Transfer->transferItemSoftwares()
  src\Transfer.php:270                               Transfer->transferItem()
  front\transfer.action.php:49                       Transfer->moveItems()
  public\index.php:82                                require()
  {"user":"7@SRVSN024","mem_usage":"0.278\", 14.93Mio)"} 
[2025-03-17 12:25:48] glpisqllog.ERROR: DBmysql::doQuery() in C:\glpi\src\DBmysql.php line 395
  *** MySQL query error:
  SQL: UPDATE `glpi_items_softwareversions` SET `softwareversions_id` = '2683' WHERE `id` = '965'
  Error: Duplicate entry 'Computer-3-2683' for key 'unicity'
  Backtrace :
  src\DBmysql.php:1499                               DBmysql->doQuery()
  src\Transfer.php:1800                              DBmysql->update()
  src\Transfer.php:1351                              Transfer->transferItemSoftwares()
  src\Transfer.php:270                               Transfer->transferItem()
  front\transfer.action.php:49                       Transfer->moveItems()
  public\index.php:82                                require()
  {"user":"7@SRVSN024","mem_usage":"0.015\", 14.98Mio)"} 
[2025-03-17 12:25:48] glpisqllog.ERROR: DBmysql::doQuery() in C:\glpi\src\DBmysql.php line 395
  *** MySQL query error:
  SQL: UPDATE `glpi_items_softwareversions` SET `softwareversions_id` = '3088' WHERE `id` = '993'
  Error: Duplicate entry 'Computer-3-3088' for key 'unicity'
  Backtrace :
  src\DBmysql.php:1499                               DBmysql->doQuery()
  src\Transfer.php:1800                              DBmysql->update()
  src\Transfer.php:1351                              Transfer->transferItemSoftwares()
  src\Transfer.php:270                               Transfer->transferItem()
  front\transfer.action.php:49                       Transfer->moveItems()
  public\index.php:82                                require()
  {"user":"7@SRVSN024","mem_usage":"0.065\", 15.21Mio)"} 
[2025-03-17 12:25:48] glpisqllog.ERROR: DBmysql::doQuery() in C:\glpi\src\DBmysql.php line 395
  *** MySQL query error:
  SQL: UPDATE `glpi_items_softwareversions` SET `softwareversions_id` = '3639' WHERE `id` = '1056'
  Error: Duplicate entry 'Computer-3-3639' for key 'unicity'
  Backtrace :
  src\DBmysql.php:1499                               DBmysql->doQuery()
  src\Transfer.php:1800                              DBmysql->update()
  src\Transfer.php:1351                              Transfer->transferItemSoftwares()
  src\Transfer.php:270                               Transfer->transferItem()
  front\transfer.action.php:49                       Transfer->moveItems()
  public\index.php:82                                require()
  {"user":"7@SRVSN024","mem_usage":"0.155\", 15.73Mio)"} 
[2025-03-17 12:25:48] glpisqllog.ERROR: DBmysql::doQuery() in C:\glpi\src\DBmysql.php line 395
  *** MySQL query error:
  SQL: UPDATE `glpi_items_softwareversions` SET `softwareversions_id` = '3640' WHERE `id` = '1058'
  Error: Duplicate entry 'Computer-3-3640' for key 'unicity'
  Backtrace :
  src\DBmysql.php:1499                               DBmysql->doQuery()
  src\Transfer.php:1800                              DBmysql->update()
  src\Transfer.php:1351                              Transfer->transferItemSoftwares()
  src\Transfer.php:270                               Transfer->transferItem()
  front\transfer.action.php:49                       Transfer->moveItems()
  public\index.php:82                                require()
  {"user":"7@SRVSN024","mem_usage":"0.004\", 15.74Mio)"} 
[2025-03-17 12:25:48] glpisqllog.ERROR: DBmysql::doQuery() in C:\glpi\src\DBmysql.php line 395
  *** MySQL query error:
  SQL: UPDATE `glpi_items_softwareversions` SET `softwareversions_id` = '3641' WHERE `id` = '1060'
  Error: Duplicate entry 'Computer-3-3641' for key 'unicity'
  Backtrace :
  src\DBmysql.php:1499                               DBmysql->doQuery()
  src\Transfer.php:1800                              DBmysql->update()
  src\Transfer.php:1351                              Transfer->transferItemSoftwares()
  src\Transfer.php:270                               Transfer->transferItem()
  front\transfer.action.php:49                       Transfer->moveItems()
  public\index.php:82                                require()
  {"user":"7@SRVSN024","mem_usage":"0.004\", 15.75Mio)"} 
[2025-03-17 12:25:48] glpisqllog.ERROR: DBmysql::doQuery() in C:\glpi\src\DBmysql.php line 395
  *** MySQL query error:
  SQL: UPDATE `glpi_items_softwareversions` SET `softwareversions_id` = '3638' WHERE `id` = '1062'
  Error: Duplicate entry 'Computer-3-3638' for key 'unicity'
  Backtrace :
  src\DBmysql.php:1499                               DBmysql->doQuery()
  src\Transfer.php:1800                              DBmysql->update()
  src\Transfer.php:1351                              Transfer->transferItemSoftwares()
  src\Transfer.php:270                               Transfer->transferItem()
  front\transfer.action.php:49                       Transfer->moveItems()
  public\index.php:82                                require()
  {"user":"7@SRVSN024","mem_usage":"0.004\", 15.76Mio)"} 
[2025-03-17 12:25:48] glpisqllog.ERROR: DBmysql::doQuery() in C:\glpi\src\DBmysql.php line 395
  *** MySQL query error:
  SQL: UPDATE `glpi_items_softwareversions` SET `softwareversions_id` = '3643' WHERE `id` = '1064'
  Error: Duplicate entry 'Computer-3-3643' for key 'unicity'
  Backtrace :
  src\DBmysql.php:1499                               DBmysql->doQuery()
  src\Transfer.php:1800                              DBmysql->update()
  src\Transfer.php:1351                              Transfer->transferItemSoftwares()
  src\Transfer.php:270                               Transfer->transferItem()
  front\transfer.action.php:49                       Transfer->moveItems()
  public\index.php:82                                require()
  {"user":"7@SRVSN024","mem_usage":"0.004\", 15.78Mio)"} 
[2025-03-17 12:25:48] glpisqllog.ERROR: DBmysql::doQuery() in C:\glpi\src\DBmysql.php line 395
  *** MySQL query error:
  SQL: UPDATE `glpi_items_softwareversions` SET `softwareversions_id` = '3644' WHERE `id` = '1066'
  Error: Duplicate entry 'Computer-3-3644' for key 'unicity'
  Backtrace :
  src\DBmysql.php:1499                               DBmysql->doQuery()
  src\Transfer.php:1800                              DBmysql->update()
  src\Transfer.php:1351                              Transfer->transferItemSoftwares()
  src\Transfer.php:270                               Transfer->transferItem()
  front\transfer.action.php:49                       Transfer->moveItems()
  public\index.php:82                                require()
  {"user":"7@SRVSN024","mem_usage":"0.004\", 15.79Mio)"} 
[2025-03-17 12:25:48] glpisqllog.ERROR: DBmysql::doQuery() in C:\glpi\src\DBmysql.php line 395
  *** MySQL query error:
  SQL: UPDATE `glpi_items_softwareversions` SET `softwareversions_id` = '3647' WHERE `id` = '1070'
  Error: Duplicate entry 'Computer-3-3647' for key 'unicity'
  Backtrace :
  src\DBmysql.php:1499                               DBmysql->doQuery()
  src\Transfer.php:1800                              DBmysql->update()
  src\Transfer.php:1351                              Transfer->transferItemSoftwares()
  src\Transfer.php:270                               Transfer->transferItem()
  front\transfer.action.php:49                       Transfer->moveItems()
  public\index.php:82                                require()
  {"user":"7@SRVSN024","mem_usage":"0.010\", 15.82Mio)"} 
[2025-03-17 12:25:48] glpisqllog.ERROR: DBmysql::doQuery() in C:\glpi\src\DBmysql.php line 395
  *** MySQL query error:
  SQL: UPDATE `glpi_items_softwareversions` SET `softwareversions_id` = '3648' WHERE `id` = '1072'
  Error: Duplicate entry 'Computer-3-3648' for key 'unicity'
  Backtrace :
  src\DBmysql.php:1499                               DBmysql->doQuery()
  src\Transfer.php:1800                              DBmysql->update()
  src\Transfer.php:1351                              Transfer->transferItemSoftwares()
  src\Transfer.php:270                               Transfer->transferItem()
  front\transfer.action.php:49                       Transfer->moveItems()
  public\index.php:82                                require()
  {"user":"7@SRVSN024","mem_usage":"0.004\", 15.83Mio)"} 
[2025-03-17 12:25:48] glpisqllog.ERROR: DBmysql::doQuery() in C:\glpi\src\DBmysql.php line 395
  *** MySQL query error:
  SQL: UPDATE `glpi_items_softwareversions` SET `softwareversions_id` = '3649' WHERE `id` = '1074'
  Error: Duplicate entry 'Computer-3-3649' for key 'unicity'
  Backtrace :
  src\DBmysql.php:1499                               DBmysql->doQuery()
  src\Transfer.php:1800                              DBmysql->update()
  src\Transfer.php:1351                              Transfer->transferItemSoftwares()
  src\Transfer.php:270                               Transfer->transferItem()
  front\transfer.action.php:49                       Transfer->moveItems()
  public\index.php:82                                require()
  {"user":"7@SRVSN024","mem_usage":"0.004\", 15.85Mio)"} 
[2025-03-17 12:25:48] glpisqllog.ERROR: DBmysql::doQuery() in C:\glpi\src\DBmysql.php line 395
  *** MySQL query error:
  SQL: UPDATE `glpi_items_softwareversions` SET `softwareversions_id` = '3652' WHERE `id` = '1078'
  Error: Duplicate entry 'Computer-3-3652' for key 'unicity'
  Backtrace :
  src\DBmysql.php:1499                               DBmysql->doQuery()
  src\Transfer.php:1800                              DBmysql->update()
  src\Transfer.php:1351                              Transfer->transferItemSoftwares()
  src\Transfer.php:270                               Transfer->transferItem()
  front\transfer.action.php:49                       Transfer->moveItems()
  public\index.php:82                                require()
  {"user":"7@SRVSN024","mem_usage":"0.010\", 15.88Mio)"} 
[2025-03-17 12:25:48] glpisqllog.ERROR: DBmysql::doQuery() in C:\glpi\src\DBmysql.php line 395
  *** MySQL query error:
  SQL: UPDATE `glpi_items_softwareversions` SET `softwareversions_id` = '3656' WHERE `id` = '1083'
  Error: Duplicate entry 'Computer-3-3656' for key 'unicity'
  Backtrace :
  src\DBmysql.php:1499                               DBmysql->doQuery()
  src\Transfer.php:1800                              DBmysql->update()
  src\Transfer.php:1351                              Transfer->transferItemSoftwares()
  src\Transfer.php:270                               Transfer->transferItem()
  front\transfer.action.php:49                       Transfer->moveItems()
  public\index.php:82                                require()
  {"user":"7@SRVSN024","mem_usage":"0.012\", 15.92Mio)"} 
[2025-03-17 12:25:48] glpisqllog.ERROR: DBmysql::doQuery() in C:\glpi\src\DBmysql.php line 395
  *** MySQL query error:
  SQL: UPDATE `glpi_items_softwareversions` SET `softwareversions_id` = '3657' WHERE `id` = '1085'
  Error: Duplicate entry 'Computer-3-3657' for key 'unicity'
  Backtrace :
  src\DBmysql.php:1499                               DBmysql->doQuery()
  src\Transfer.php:1800                              DBmysql->update()
  src\Transfer.php:1351                              Transfer->transferItemSoftwares()
  src\Transfer.php:270                               Transfer->transferItem()
  front\transfer.action.php:49                       Transfer->moveItems()
  public\index.php:82                                require()
  {"user":"7@SRVSN024","mem_usage":"0.004\", 15.93Mio)"} 
[2025-03-17 12:25:48] glpisqllog.ERROR: DBmysql::doQuery() in C:\glpi\src\DBmysql.php line 395
  *** MySQL query error:
  SQL: UPDATE `glpi_items_softwareversions` SET `softwareversions_id` = '3671' WHERE `id` = '1100'
  Error: Duplicate entry 'Computer-3-3671' for key 'unicity'
  Backtrace :
  src\DBmysql.php:1499                               DBmysql->doQuery()
  src\Transfer.php:1800                              DBmysql->update()
  src\Transfer.php:1351                              Transfer->transferItemSoftwares()
  src\Transfer.php:270                               Transfer->transferItem()
  front\transfer.action.php:49                       Transfer->moveItems()
  public\index.php:82                                require()
  {"user":"7@SRVSN024","mem_usage":"0.043\", 16.09Mio)"} 
[2025-03-17 12:25:48] glpisqllog.ERROR: DBmysql::doQuery() in C:\glpi\src\DBmysql.php line 395
  *** MySQL query error:
  SQL: UPDATE `glpi_items_softwareversions` SET `softwareversions_id` = '3672' WHERE `id` = '1102'
  Error: Duplicate entry 'Computer-3-3672' for key 'unicity'
  Backtrace :
  src\DBmysql.php:1499                               DBmysql->doQuery()
  src\Transfer.php:1800                              DBmysql->update()
  src\Transfer.php:1351                              Transfer->transferItemSoftwares()
  src\Transfer.php:270                               Transfer->transferItem()
  front\transfer.action.php:49                       Transfer->moveItems()
  public\index.php:82                                require()
  {"user":"7@SRVSN024","mem_usage":"0.004\", 16.10Mio)"} 
[2025-03-17 12:25:48] glpisqllog.ERROR: DBmysql::doQuery() in C:\glpi\src\DBmysql.php line 395
  *** MySQL query error:
  SQL: UPDATE `glpi_items_softwareversions` SET `softwareversions_id` = '3673' WHERE `id` = '1104'
  Error: Duplicate entry 'Computer-3-3673' for key 'unicity'
  Backtrace :
  src\DBmysql.php:1499                               DBmysql->doQuery()
  src\Transfer.php:1800                              DBmysql->update()
  src\Transfer.php:1351                              Transfer->transferItemSoftwares()
  src\Transfer.php:270                               Transfer->transferItem()
  front\transfer.action.php:49                       Transfer->moveItems()
  public\index.php:82                                require()
  {"user":"7@SRVSN024","mem_usage":"0.004\", 16.11Mio)"} 
[2025-03-17 12:25:48] glpisqllog.ERROR: DBmysql::doQuery() in C:\glpi\src\DBmysql.php line 395
  *** MySQL query error:
  SQL: UPDATE `glpi_items_softwareversions` SET `softwareversions_id` = '3675' WHERE `id` = '1107'
  Error: Duplicate entry 'Computer-3-3675' for key 'unicity'
  Backtrace :
  src\DBmysql.php:1499                               DBmysql->doQuery()
  src\Transfer.php:1800                              DBmysql->update()
  src\Transfer.php:1351                              Transfer->transferItemSoftwares()
  src\Transfer.php:270                               Transfer->transferItem()
  front\transfer.action.php:49                       Transfer->moveItems()
  public\index.php:82                                require()
  {"user":"7@SRVSN024","mem_usage":"0.007\", 16.13Mio)"} 
[2025-03-17 12:25:48] glpisqllog.ERROR: DBmysql::doQuery() in C:\glpi\src\DBmysql.php line 395
  *** MySQL query error:
  SQL: UPDATE `glpi_items_softwareversions` SET `softwareversions_id` = '3676' WHERE `id` = '1109'
  Error: Duplicate entry 'Computer-3-3676' for key 'unicity'
  Backtrace :
  src\DBmysql.php:1499                               DBmysql->doQuery()
  src\Transfer.php:1800                              DBmysql->update()
  src\Transfer.php:1351                              Transfer->transferItemSoftwares()
  src\Transfer.php:270                               Transfer->transferItem()
  front\transfer.action.php:49                       Transfer->moveItems()
  public\index.php:82                                require()
  {"user":"7@SRVSN024","mem_usage":"0.003\", 16.14Mio)"} 
[2025-03-17 12:25:48] glpisqllog.ERROR: DBmysql::doQuery() in C:\glpi\src\DBmysql.php line 395
  *** MySQL query error:
  SQL: UPDATE `glpi_items_softwareversions` SET `softwareversions_id` = '3677' WHERE `id` = '1111'
  Error: Duplicate entry 'Computer-3-3677' for key 'unicity'
  Backtrace :
  src\DBmysql.php:1499                               DBmysql->doQuery()
  src\Transfer.php:1800                              DBmysql->update()
  src\Transfer.php:1351                              Transfer->transferItemSoftwares()
  src\Transfer.php:270                               Transfer->transferItem()
  front\transfer.action.php:49                       Transfer->moveItems()
  public\index.php:82                                require()
  {"user":"7@SRVSN024","mem_usage":"0.003\", 16.15Mio)"} 
[2025-03-17 12:25:48] glpisqllog.ERROR: DBmysql::doQuery() in C:\glpi\src\DBmysql.php line 395
  *** MySQL query error:
  SQL: UPDATE `glpi_items_softwareversions` SET `softwareversions_id` = '3678' WHERE `id` = '1113'
  Error: Duplicate entry 'Computer-3-3678' for key 'unicity'
  Backtrace :
  src\DBmysql.php:1499                               DBmysql->doQuery()
  src\Transfer.php:1800                              DBmysql->update()
  src\Transfer.php:1351                              Transfer->transferItemSoftwares()
  src\Transfer.php:270                               Transfer->transferItem()
  front\transfer.action.php:49                       Transfer->moveItems()
  public\index.php:82                                require()
  {"user":"7@SRVSN024","mem_usage":"0.004\", 16.16Mio)"} 
[2025-03-17 12:25:48] glpisqllog.ERROR: DBmysql::doQuery() in C:\glpi\src\DBmysql.php line 395
  *** MySQL query error:
  SQL: UPDATE `glpi_items_softwareversions` SET `softwareversions_id` = '3679' WHERE `id` = '1115'
  Error: Duplicate entry 'Computer-3-3679' for key 'unicity'
  Backtrace :
  src\DBmysql.php:1499                               DBmysql->doQuery()
  src\Transfer.php:1800                              DBmysql->update()
  src\Transfer.php:1351                              Transfer->transferItemSoftwares()
  src\Transfer.php:270                               Transfer->transferItem()
  front\transfer.action.php:49                       Transfer->moveItems()
  public\index.php:82                                require()
  {"user":"7@SRVSN024","mem_usage":"0.004\", 16.17Mio)"} 
[2025-03-17 12:25:48] glpisqllog.ERROR: DBmysql::doQuery() in C:\glpi\src\DBmysql.php line 395
  *** MySQL query error:
  SQL: UPDATE `glpi_items_softwareversions` SET `softwareversions_id` = '3680' WHERE `id` = '1117'
  Error: Duplicate entry 'Computer-3-3680' for key 'unicity'
  Backtrace :
  src\DBmysql.php:1499                               DBmysql->doQuery()
  src\Transfer.php:1800                              DBmysql->update()
  src\Transfer.php:1351                              Transfer->transferItemSoftwares()
  src\Transfer.php:270                               Transfer->transferItem()
  front\transfer.action.php:49                       Transfer->moveItems()
  public\index.php:82                                require()
  {"user":"7@SRVSN024","mem_usage":"0.004\", 16.19Mio)"} 
[2025-03-17 12:25:48] glpisqllog.ERROR: DBmysql::doQuery() in C:\glpi\src\DBmysql.php line 395
  *** MySQL query error:
  SQL: UPDATE `glpi_items_softwareversions` SET `softwareversions_id` = '3681' WHERE `id` = '1119'
  Error: Duplicate entry 'Computer-3-3681' for key 'unicity'
  Backtrace :
  src\DBmysql.php:1499                               DBmysql->doQuery()
  src\Transfer.php:1800                              DBmysql->update()
  src\Transfer.php:1351                              Transfer->transferItemSoftwares()
  src\Transfer.php:270                               Transfer->transferItem()
  front\transfer.action.php:49                       Transfer->moveItems()
  public\index.php:82                                require()
  {"user":"7@SRVSN024","mem_usage":"0.004\", 16.20Mio)"} 
[2025-03-17 12:25:48] glpisqllog.ERROR: DBmysql::doQuery() in C:\glpi\src\DBmysql.php line 395
  *** MySQL query error:
  SQL: UPDATE `glpi_items_softwareversions` SET `softwareversions_id` = '3687' WHERE `id` = '1126'
  Error: Duplicate entry 'Computer-3-3687' for key 'unicity'
  Backtrace :
  src\DBmysql.php:1499                               DBmysql->doQuery()
  src\Transfer.php:1800                              DBmysql->update()
  src\Transfer.php:1351                              Transfer->transferItemSoftwares()
  src\Transfer.php:270                               Transfer->transferItem()
  front\transfer.action.php:49                       Transfer->moveItems()
  public\index.php:82                                require()
  {"user":"7@SRVSN024","mem_usage":"0.015\", 16.25Mio)"} 
[2025-03-17 12:25:48] glpisqllog.ERROR: DBmysql::doQuery() in C:\glpi\src\DBmysql.php line 395
  *** MySQL query error:
  SQL: UPDATE `glpi_items_softwareversions` SET `softwareversions_id` = '3658' WHERE `id` = '1136'
  Error: Duplicate entry 'Computer-3-3658' for key 'unicity'
  Backtrace :
  src\DBmysql.php:1499                               DBmysql->doQuery()
  src\Transfer.php:1800                              DBmysql->update()
  src\Transfer.php:1351                              Transfer->transferItemSoftwares()
  src\Transfer.php:270                               Transfer->transferItem()
  front\transfer.action.php:49                       Transfer->moveItems()
  public\index.php:82                                require()
  {"user":"7@SRVSN024","mem_usage":"0.028\", 16.34Mio)"} 
[2025-03-17 12:25:48] glpisqllog.ERROR: DBmysql::doQuery() in C:\glpi\src\DBmysql.php line 395
  *** MySQL query error:
  SQL: UPDATE `glpi_items_softwareversions` SET `softwareversions_id` = '3695' WHERE `id` = '1137'
  Error: Duplicate entry 'Computer-3-3695' for key 'unicity'
  Backtrace :
  src\DBmysql.php:1499                               DBmysql->doQuery()
  src\Transfer.php:1800                              DBmysql->update()
  src\Transfer.php:1351                              Transfer->transferItemSoftwares()
  src\Transfer.php:270                               Transfer->transferItem()
  front\transfer.action.php:49                       Transfer->moveItems()
  public\index.php:82                                require()
  {"user":"7@SRVSN024","mem_usage":"0.001\", 16.34Mio)"} 
[2025-03-17 12:25:49] glpisqllog.ERROR: DBmysql::doQuery() in C:\glpi\src\DBmysql.php line 395
  *** MySQL query error:
  SQL: UPDATE `glpi_items_softwareversions` SET `softwareversions_id` = '3728' WHERE `id` = '1170'
  Error: Duplicate entry 'Computer-3-3728' for key 'unicity'
  Backtrace :
  src\DBmysql.php:1499                               DBmysql->doQuery()
  src\Transfer.php:1800                              DBmysql->update()
  src\Transfer.php:1351                              Transfer->transferItemSoftwares()
  src\Transfer.php:270                               Transfer->transferItem()
  front\transfer.action.php:49                       Transfer->moveItems()
  public\index.php:82                                require()
  {"user":"7@SRVSN024","mem_usage":"0.109\", 16.69Mio)"} 
[2025-03-17 12:25:49] glpisqllog.ERROR: DBmysql::doQuery() in C:\glpi\src\DBmysql.php line 395
  *** MySQL query error:
  SQL: UPDATE `glpi_items_softwareversions` SET `softwareversions_id` = '3735' WHERE `id` = '1178'
  Error: Duplicate entry 'Computer-3-3735' for key 'unicity'
  Backtrace :
  src\DBmysql.php:1499                               DBmysql->doQuery()
  src\Transfer.php:1800                              DBmysql->update()
  src\Transfer.php:1351                              Transfer->transferItemSoftwares()
  src\Transfer.php:270                               Transfer->transferItem()
  front\transfer.action.php:49                       Transfer->moveItems()
  public\index.php:82                                require()
  {"user":"7@SRVSN024","mem_usage":"0.022\", 16.76Mio)"} 
[2025-03-17 12:25:49] glpisqllog.ERROR: DBmysql::doQuery() in C:\glpi\src\DBmysql.php line 395
  *** MySQL query error:
  SQL: UPDATE `glpi_items_softwareversions` SET `softwareversions_id` = '3767' WHERE `id` = '1212'
  Error: Duplicate entry 'Computer-3-3767' for key 'unicity'
  Backtrace :
  src\DBmysql.php:1499                               DBmysql->doQuery()
  src\Transfer.php:1800                              DBmysql->update()
  src\Transfer.php:1351                              Transfer->transferItemSoftwares()
  src\Transfer.php:270                               Transfer->transferItem()
  front\transfer.action.php:49                       Transfer->moveItems()
  public\index.php:82                                require()
  {"user":"7@SRVSN024","mem_usage":"0.103\", 17.07Mio)"} 
[2025-03-17 12:25:49] glpisqllog.ERROR: DBmysql::doQuery() in C:\glpi\src\DBmysql.php line 395
  *** MySQL query error:
  SQL: UPDATE `glpi_items_softwareversions` SET `softwareversions_id` = '3777' WHERE `id` = '1224'
  Error: Duplicate entry 'Computer-3-3777' for key 'unicity'
  Backtrace :
  src\DBmysql.php:1499                               DBmysql->doQuery()
  src\Transfer.php:1800                              DBmysql->update()
  src\Transfer.php:1351                              Transfer->transferItemSoftwares()
  src\Transfer.php:270                               Transfer->transferItem()
  front\transfer.action.php:49                       Transfer->moveItems()
  public\index.php:82                                require()
  {"user":"7@SRVSN024","mem_usage":"0.035\", 17.17Mio)"} 
[2025-03-17 12:25:49] glpisqllog.ERROR: DBmysql::doQuery() in C:\glpi\src\DBmysql.php line 395
  *** MySQL query error:
  SQL: UPDATE `glpi_items_softwareversions` SET `softwareversions_id` = '3880' WHERE `id` = '4221'
  Error: Duplicate entry 'Computer-3-3880' for key 'unicity'
  Backtrace :
  src\DBmysql.php:1499                               DBmysql->doQuery()
  src\Transfer.php:1800                              DBmysql->update()
  src\Transfer.php:1351                              Transfer->transferItemSoftwares()
  src\Transfer.php:270                               Transfer->transferItem()
  front\transfer.action.php:49                       Transfer->moveItems()
  public\index.php:82                                require()
  {"user":"7@SRVSN024","mem_usage":"0.378\", 18.27Mio)"} 
[2025-03-17 13:50:02] glpisqllog.ERROR: DBmysql::doQuery() in C:\glpi\src\DBmysql.php line 395
  *** MySQL query error:
  SQL: SELECT COUNT(*) AS cpt FROM `glpi_plugin_statecheck_rules` WHERE ((`groups_id` = '7'))
  Error: Unknown column 'groups_id' in 'where clause'
  Backtrace :
  src\DBmysqlIterator.php:112                        DBmysql->doQuery()
  src\DBmysql.php:1105                               DBmysqlIterator->execute()
  src\CommonDropdown.php:592                         DBmysql->request()
  src\Group.php:1066                                 CommonDropdown->isUsed()
  src\MassiveAction.php:1503                         Group->isUsed()
  src\MassiveAction.php:1425                         MassiveAction::processMassiveActionsForOneItemtype()
  src\MassiveAction.php:1403                         MassiveAction->processForSeveralItemtypes()
  front\massiveaction.php:62                         MassiveAction->process()
  public\index.php:82                                require()
  {"user":"7@SRVSN024"} 
[2025-03-17 13:50:02] glpisqllog.ERROR: DBmysql::doQuery() in C:\glpi\src\DBmysql.php line 395
  *** MySQL query error:
  SQL: SELECT * FROM `glpi_plugin_statecheck_rules` WHERE `groups_id` = '7'
  Error: Unknown column 'groups_id' in 'where clause'
  Backtrace :
  src\DBmysqlIterator.php:112                        DBmysql->doQuery()
  src\DBmysql.php:1105                               DBmysqlIterator->execute()
  src\CommonDBTM.php:932                             DBmysql->request()
  src\Group.php:1037                                 CommonDBTM->cleanRelationData()
  src\CommonDBTM.php:798                             Group->cleanRelationData()
  src\CommonDBTM.php:2105                            CommonDBTM->deleteFromDB()
  src\MassiveAction.php:1513                         CommonDBTM->delete()
  src\MassiveAction.php:1425                         MassiveAction::processMassiveActionsForOneItemtype()
  src\MassiveAction.php:1403                         MassiveAction->processForSeveralItemtypes()
  front\massiveaction.php:62                         MassiveAction->process()
  public\index.php:82                                require()
  {"user":"7@SRVSN024","mem_usage":"0.025\", 2.95Mio)"} 
[2025-03-17 13:50:13] glpisqllog.ERROR: DBmysql::doQuery() in C:\glpi\src\DBmysql.php line 395
  *** MySQL query error:
  SQL: SELECT COUNT(*) AS cpt FROM `glpi_plugin_statecheck_rules` WHERE ((`groups_id` = '6'))
  Error: Unknown column 'groups_id' in 'where clause'
  Backtrace :
  src\DBmysqlIterator.php:112                        DBmysql->doQuery()
  src\DBmysql.php:1105                               DBmysqlIterator->execute()
  src\CommonDropdown.php:592                         DBmysql->request()
  src\Group.php:1066                                 CommonDropdown->isUsed()
  src\MassiveAction.php:1503                         Group->isUsed()
  src\MassiveAction.php:1425                         MassiveAction::processMassiveActionsForOneItemtype()
  src\MassiveAction.php:1403                         MassiveAction->processForSeveralItemtypes()
  front\massiveaction.php:62                         MassiveAction->process()
  public\index.php:82                                require()
  {"user":"7@SRVSN024"} 
[2025-03-17 13:50:13] glpisqllog.ERROR: DBmysql::doQuery() in C:\glpi\src\DBmysql.php line 395
  *** MySQL query error:
  SQL: SELECT * FROM `glpi_plugin_statecheck_rules` WHERE `groups_id` = '6'
  Error: Unknown column 'groups_id' in 'where clause'
  Backtrace :
  src\DBmysqlIterator.php:112                        DBmysql->doQuery()
  src\DBmysql.php:1105                               DBmysqlIterator->execute()
  src\CommonDBTM.php:932                             DBmysql->request()
  src\Group.php:1037                                 CommonDBTM->cleanRelationData()
  src\CommonDBTM.php:798                             Group->cleanRelationData()
  src\CommonDBTM.php:2105                            CommonDBTM->deleteFromDB()
  src\MassiveAction.php:1513                         CommonDBTM->delete()
  src\MassiveAction.php:1425                         MassiveAction::processMassiveActionsForOneItemtype()
  src\MassiveAction.php:1403                         MassiveAction->processForSeveralItemtypes()
  front\massiveaction.php:62                         MassiveAction->process()
  public\index.php:82                                require()
  {"user":"7@SRVSN024","mem_usage":"0.031\", 2.95Mio)"} 
